Archive member included because of file (symbol)

.\CortexM0\ARM_GCC_493\Debug\WeatherStation.a(cyfitter_cfg.o)
                              .\CortexM0\ARM_GCC_493\Debug\Cm0Start.o (cyfitter_cfg)
.\CortexM0\ARM_GCC_493\Debug\WeatherStation.a(CyLib.o)
                              .\CortexM0\ARM_GCC_493\Debug\WeatherStation.a(cyfitter_cfg.o) (CyIntEnable)
.\CortexM0\ARM_GCC_493\Debug\WeatherStation.a(CyLFClk.o)
                              .\CortexM0\ARM_GCC_493\Debug\WeatherStation.a(cyfitter_cfg.o) (CySysWdtIsr)
.\CortexM0\ARM_GCC_493\Debug\WeatherStation.a(I2C.o)
                              .\CortexM0\ARM_GCC_493\Debug\main.o (I2C_Start)
.\CortexM0\ARM_GCC_493\Debug\WeatherStation.a(I2C_I2C.o)
                              .\CortexM0\ARM_GCC_493\Debug\WeatherStation.a(I2C.o) (I2C_I2CInit)
.\CortexM0\ARM_GCC_493\Debug\WeatherStation.a(I2C_I2C_MASTER.o)
                              .\CortexM0\ARM_GCC_493\Debug\main.o (I2C_I2CMasterSendStart)
.\CortexM0\ARM_GCC_493\Debug\WeatherStation.a(UART.o)
                              .\CortexM0\ARM_GCC_493\Debug\main.o (UART_Start)
.\CortexM0\ARM_GCC_493\Debug\WeatherStation.a(I2C_sda.o)
                              .\CortexM0\ARM_GCC_493\Debug\WeatherStation.a(I2C_I2C_MASTER.o) (I2C_sda_Read)
.\CortexM0\ARM_GCC_493\Debug\WeatherStation.a(I2C_scl.o)
                              .\CortexM0\ARM_GCC_493\Debug\WeatherStation.a(I2C_I2C_MASTER.o) (I2C_scl_Write)
.\CortexM0\ARM_GCC_493\Debug\WeatherStation.a(HUM.o)
                              .\CortexM0\ARM_GCC_493\Debug\main.o (HUM_Write)
.\CortexM0\ARM_GCC_493\Debug\WeatherStation.a(Timeout.o)
                              .\CortexM0\ARM_GCC_493\Debug\main.o (Timeout_Stop)
.\CortexM0\ARM_GCC_493\Debug\WeatherStation.a(isr_Timeout.o)
                              .\CortexM0\ARM_GCC_493\Debug\main.o (isr_Timeout_StartEx)
.\CortexM0\ARM_GCC_493\Debug\WeatherStation.a(UART_IntClock.o)
                              .\CortexM0\ARM_GCC_493\Debug\WeatherStation.a(UART.o) (UART_IntClock_Start)
.\CortexM0\ARM_GCC_493\Debug\WeatherStation.a(LED_R.o)
                              .\CortexM0\ARM_GCC_493\Debug\main.o (LED_R_Write)
.\CortexM0\ARM_GCC_493\Debug\WeatherStation.a(LED_G.o)
                              .\CortexM0\ARM_GCC_493\Debug\main.o (LED_G_Write)
.\CortexM0\ARM_GCC_493\Debug\WeatherStation.a(LED_B.o)
                              .\CortexM0\ARM_GCC_493\Debug\main.o (LED_B_Write)
.\CortexM0\ARM_GCC_493\Debug\WeatherStation.a(ClockTO.o)
                              .\CortexM0\ARM_GCC_493\Debug\main.o (ClockTO_SetFractionalDividerRegister)
.\CortexM0\ARM_GCC_493\Debug\WeatherStation.a(PinWindCE.o)
                              .\CortexM0\ARM_GCC_493\Debug\main.o (PinWindCE_Write)
.\CortexM0\ARM_GCC_493\Debug\WeatherStation.a(PinWindRX.o)
                              .\CortexM0\ARM_GCC_493\Debug\main.o (PinWindRX_Read)
.\CortexM0\ARM_GCC_493\Debug\WeatherStation.a(ADC.o)
                              .\CortexM0\ARM_GCC_493\Debug\main.o (ADC_Start)
.\CortexM0\ARM_GCC_493\Debug\WeatherStation.a(ADC_INT.o)
                              .\CortexM0\ARM_GCC_493\Debug\WeatherStation.a(ADC.o) (ADC_ISR)
.\CortexM0\ARM_GCC_493\Debug\WeatherStation.a(ADC_IRQ.o)
                              .\CortexM0\ARM_GCC_493\Debug\main.o (ADC_IRQ_Disable)
.\CortexM0\ARM_GCC_493\Debug\WeatherStation.a(isr_Rain.o)
                              .\CortexM0\ARM_GCC_493\Debug\main.o (isr_Rain_StartEx)
.\CortexM0\ARM_GCC_493\Debug\WeatherStation.a(CyBootAsmGnu.o)
                              .\CortexM0\ARM_GCC_493\Debug\WeatherStation.a(CyLib.o) (CyDelayCycles)
.\CortexM0\ARM_GCC_493\Debug\WeatherStation.a(I2C_I2C_INT.o)
                              .\CortexM0\ARM_GCC_493\Debug\WeatherStation.a(I2C_I2C.o) (I2C_I2C_ISR)
c:/program files (x86)/cypress/psoc creator/3.3/psoc creator/import/gnu/arm/4.9.3/bin/../lib/gcc/arm-none-eabi/4.9.3/armv6-m\libgcc.a(_udivsi3.o)
                              .\CortexM0\ARM_GCC_493\Debug\main.o (__aeabi_uidiv)
c:/program files (x86)/cypress/psoc creator/3.3/psoc creator/import/gnu/arm/4.9.3/bin/../lib/gcc/arm-none-eabi/4.9.3/armv6-m\libgcc.a(_divsi3.o)
                              .\CortexM0\ARM_GCC_493\Debug\main.o (__aeabi_idiv)
c:/program files (x86)/cypress/psoc creator/3.3/psoc creator/import/gnu/arm/4.9.3/bin/../lib/gcc/arm-none-eabi/4.9.3/armv6-m\libgcc.a(_dvmd_tls.o)
                              c:/program files (x86)/cypress/psoc creator/3.3/psoc creator/import/gnu/arm/4.9.3/bin/../lib/gcc/arm-none-eabi/4.9.3/armv6-m\libgcc.a(_udivsi3.o) (__aeabi_idiv0)
c:/program files (x86)/cypress/psoc creator/3.3/psoc creator/import/gnu/arm/4.9.3/bin/../lib/gcc/arm-none-eabi/4.9.3/armv6-m\libgcc.a(_aeabi_ldivmod.o)
                              .\CortexM0\ARM_GCC_493\Debug\WeatherStation.a(ADC.o) (__aeabi_ldivmod)
c:/program files (x86)/cypress/psoc creator/3.3/psoc creator/import/gnu/arm/4.9.3/bin/../lib/gcc/arm-none-eabi/4.9.3/armv6-m\libgcc.a(_muldi3.o)
[...]
Memory Configuration

Name             Origin             Length             Attributes
rom              0x00000000         0x00008000         xr
ram              0x20000000         0x00001000         xrw
*default*        0x00000000         0xffffffff

Linker script and memory map

LOAD c:/program files (x86)/cypress/psoc creator/3.3/psoc creator/import/gnu/arm/4.9.3/bin/../lib/gcc/arm-none-eabi/4.9.3/armv6-m/crti.o
LOAD c:/program files (x86)/cypress/psoc creator/3.3/psoc creator/import/gnu/arm/4.9.3/bin/../lib/gcc/arm-none-eabi/4.9.3/armv6-m/crtbegin.o
LOAD c:/program files (x86)/cypress/psoc creator/3.3/psoc creator/import/gnu/arm/4.9.3/bin/../lib/gcc/arm-none-eabi/4.9.3/../../../../arm-none-eabi/lib/armv6-m/crt0.o
START GROUP
LOAD .\CortexM0\ARM_GCC_493\Debug\main.o
LOAD .\CortexM0\ARM_GCC_493\Debug\cymetadata.o
LOAD .\CortexM0\ARM_GCC_493\Debug\Cm0Start.o
LOAD .\CortexM0\ARM_GCC_493\Debug\WeatherStation.a
LOAD C:\Program Files (x86)\Cypress\PSoC Creator\3.3\PSoC Creator\psoc\content\cycomponentlibrary\CyComponentLibrary.cylib\CortexM0\ARM_GCC_493\Debug\CyComponentLibrary.a
END GROUP
START GROUP
LOAD c:/program files (x86)/cypress/psoc creator/3.3/psoc creator/import/gnu/arm/4.9.3/bin/../lib/gcc/arm-none-eabi/4.9.3/armv6-m\libgcc.a
LOAD c:/program files (x86)/cypress/psoc creator/3.3/psoc creator/import/gnu/arm/4.9.3/bin/../lib/gcc/arm-none-eabi/4.9.3/../../../../arm-none-eabi/lib/armv6-m\libg_nano.a
LOAD c:/program files (x86)/cypress/psoc creator/3.3/psoc creator/import/gnu/arm/4.9.3/bin/../lib/gcc/arm-none-eabi/4.9.3/../../../../arm-none-eabi/lib/armv6-m\libc_nano.a
END GROUP
START GROUP
LOAD c:/program files (x86)/cypress/psoc creator/3.3/psoc creator/import/gnu/arm/4.9.3/bin/../lib/gcc/arm-none-eabi/4.9.3/armv6-m\libgcc.a
LOAD c:/program files (x86)/cypress/psoc creator/3.3/psoc creator/import/gnu/arm/4.9.3/bin/../lib/gcc/arm-none-eabi/4.9.3/../../../../arm-none-eabi/lib/armv6-m\libc_nano.a
END GROUP
LOAD c:/program files (x86)/cypress/psoc creator/3.3/psoc creator/import/gnu/arm/4.9.3/bin/../lib/gcc/arm-none-eabi/4.9.3/armv6-m/crtend.o
LOAD c:/program files (x86)/cypress/psoc creator/3.3/psoc creator/import/gnu/arm/4.9.3/bin/../lib/gcc/arm-none-eabi/4.9.3/armv6-m/crtn.o
START GROUP
LOAD c:/program files (x86)/cypress/psoc creator/3.3/psoc creator/import/gnu/arm/4.9.3/bin/../lib/gcc/arm-none-eabi/4.9.3/armv6-m\libgcc.a
LOAD c:/program files (x86)/cypress/psoc creator/3.3/psoc creator/import/gnu/arm/4.9.3/bin/../lib/gcc/arm-none-eabi/4.9.3/../../../../arm-none-eabi/lib/armv6-m\libc.a
LOAD c:/program files (x86)/cypress/psoc creator/3.3/psoc creator/import/gnu/arm/4.9.3/bin/../lib/gcc/arm-none-eabi/4.9.3/../../../../arm-none-eabi/lib/armv6-m\libnosys.a
END GROUP
                0x00000000                CY_APPL_ORIGIN = 0x0
                0x00000080                CY_FLASH_ROW_SIZE = 0x80
                0x00000001                CY_APPL_NUM = 0x1
                0x00000001                CY_APPL_MAX = 0x1
                0x00000040                CY_METADATA_SIZE = 0x40
                0x00000000                CY_APPL_LOADABLE = 0x0
                0x00000000                CY_CHECKSUM_EXCLUDE_SIZE = ALIGN (0x0, CY_FLASH_ROW_SIZE)
                0x00000000                CY_APP_FOR_STACK_AND_COPIER = 0x0
                0x200001f8                PROVIDE (__cy_heap_start, _end)
                0x00000001                PROVIDE (__cy_region_num, ((__cy_regions_end - __cy_regions) / 0x10))
                0x20001000                PROVIDE (__cy_stack, (ORIGIN (ram) + 0x1000))
                0x20000c00                PROVIDE (__cy_heap_end, (__cy_stack - 0x400))

.cybootloader   0x00000000        0x0
 *(.cybootloader)
                0x00000000                appl1_start = CY_APPL_ORIGIN?CY_APPL_ORIGIN:ALIGN (CY_FLASH_ROW_SIZE)
                0x00003f80                appl2_start = (appl1_start + ALIGN ((((0x8000 - appl1_start) - (0x2 * CY_FLASH_ROW_SIZE)) / 0x2), CY_FLASH_ROW_SIZE))
                0x00000000                appl_start = (CY_APPL_NUM == 0x1)?appl1_start:appl2_start
                0x00000001                cy_project_type_bootloader = (appl_start == 0x0)?0x1:0x0
                0x00000000                cy_project_type_app_for_stack_and_copier = (CY_APP_FOR_STACK_AND_COPIER == 0x1)?0x1:0x0

.text           0x00000000     0x3e2e
 CREATE_OBJECT_SYMBOLS
                0x00000000                PROVIDE (__cy_interrupt_vector, RomVectors)
 *(.romvectors)
 .romvectors    0x00000000       0x10 .\CortexM0\ARM_GCC_493\Debug\Cm0Start.o
                0x00000000                RomVectors
                0x00000001                ASSERT ((. != __cy_interrupt_vector), No interrupt vector)
                0x00000001                ASSERT (CY_APPL_ORIGIN?(SIZEOF (.cybootloader) <= CY_APPL_ORIGIN):0x1, Wrong image location)
                0x00000010                PROVIDE (__cy_reset, Reset)
 *(.text.Reset)
 .text.Reset    0x00000010        0x8 .\CortexM0\ARM_GCC_493\Debug\Cm0Start.o
                0x00000010                Reset
                0x00000001                ASSERT ((. != __cy_reset), No reset code)
 *(.psocinit)
 .psocinit      0x00000018      0x27c .\CortexM0\ARM_GCC_493\Debug\WeatherStation.a(cyfitter_cfg.o)
                0x000000fc                cyfitter_cfg
                0x00000294                . = MAX (., 0x100)
 *(.text .text.* .gnu.linkonce.t.*)
 .text          0x00000294       0x60 c:/program files (x86)/cypress/psoc creator/3.3/psoc creator/import/gnu/arm/4.9.3/bin/../lib/gcc/arm-none-eabi/4.9.3/armv6-m/crtbegin.o
 .text.RainISR  0x000002f4       0x10 .\CortexM0\ARM_GCC_493\Debug\main.o
                0x000002f4                RainISR
 .text.TimeoutISR
                0x00000304       0x14 .\CortexM0\ARM_GCC_493\Debug\main.o
                0x00000304                TimeoutISR
 .text.AM2302_Read
                0x00000318      0x104 .\CortexM0\ARM_GCC_493\Debug\main.o
                0x00000318                AM2302_Read
 .text.BMP180_ReadReg
                0x0000041c       0x30 .\CortexM0\ARM_GCC_493\Debug\main.o
                0x0000041c                BMP180_ReadReg
 .text.BMP180_ReadInt
                0x0000044c       0x1c .\CortexM0\ARM_GCC_493\Debug\main.o
                0x0000044c                BMP180_ReadInt
 .text.BMP180_ReadUInt
                0x00000468       0x1c .\CortexM0\ARM_GCC_493\Debug\main.o
                0x00000468                BMP180_ReadUInt
 .text.BMP180_WriteByte
                0x00000484       0x24 .\CortexM0\ARM_GCC_493\Debug\main.o
                0x00000484                BMP180_WriteByte
 .text.BMP180_ReadTemperature
                0x000004a8       0x5c .\CortexM0\ARM_GCC_493\Debug\main.o
                0x000004a8                BMP180_ReadTemperature
 .text.BMP180_ReadPresure
                0x00000504      0x134 .\CortexM0\ARM_GCC_493\Debug\main.o
                0x00000504                BMP180_ReadPresure
 .text.BMP180_ReadCalibrationCoefs
                0x00000638       0xa0 .\CortexM0\ARM_GCC_493\Debug\main.o
                0x00000638                BMP180_ReadCalibrationCoefs
 .text.SetTimeout
                0x000006d8       0x24 .\CortexM0\ARM_GCC_493\Debug\main.o
                0x000006d8                SetTimeout
 .text.UartReadLine
                0x000006fc       0x38 .\CortexM0\ARM_GCC_493\Debug\main.o
                0x000006fc                UartReadLine
 .text.TX20_Read
                0x00000734      0x1e8 .\CortexM0\ARM_GCC_493\Debug\main.o
                0x00000734                TX20_Read
 .text.main     0x0000091c      0x520 .\CortexM0\ARM_GCC_493\Debug\main.o
                0x0000091c                main
 .text.IntDefaultHandler
                0x00000e3c        0x4 .\CortexM0\ARM_GCC_493\Debug\Cm0Start.o
                0x00000e3c                IntDefaultHandler
 .text._sbrk    0x00000e40       0x30 .\CortexM0\ARM_GCC_493\Debug\Cm0Start.o
                0x00000e40                _sbrk
 .text.Start_c  0x00000e70       0x48 .\CortexM0\ARM_GCC_493\Debug\Cm0Start.o
                0x00000e70                Start_c
 .text.initialize_psoc
                0x00000eb8       0x48 .\CortexM0\ARM_GCC_493\Debug\Cm0Start.o
                0x00000eb8                initialize_psoc
 .text.cfg_write_bytes32
                0x00000f00       0x34 .\CortexM0\ARM_GCC_493\Debug\WeatherStation.a(cyfitter_cfg.o)
 .text.CYMEMZERO
                0x00000f34        0xc .\CortexM0\ARM_GCC_493\Debug\WeatherStation.a(cyfitter_cfg.o)
 .text.CYCONFIGCPYCODE
                0x00000f40        0x8 .\CortexM0\ARM_GCC_493\Debug\WeatherStation.a(cyfitter_cfg.o)
 .text.SetAnalogRoutingPumps
                0x00000f48       0x20 .\CortexM0\ARM_GCC_493\Debug\WeatherStation.a(cyfitter_cfg.o)
                0x00000f48                SetAnalogRoutingPumps
 .text.AnalogSetDefault
                0x00000f68       0x14 .\CortexM0\ARM_GCC_493\Debug\WeatherStation.a(cyfitter_cfg.o)
 .text.CyIntEnable
                0x00000f7c       0x14 .\CortexM0\ARM_GCC_493\Debug\WeatherStation.a(CyLib.o)
                0x00000f7c                CyIntEnable
 .text.CyIntDisable
                0x00000f90       0x14 .\CortexM0\ARM_GCC_493\Debug\WeatherStation.a(CyLib.o)
                0x00000f90                CyIntDisable
 .text.CyHalt   0x00000fa4        0x4 .\CortexM0\ARM_GCC_493\Debug\WeatherStation.a(CyLib.o)
                0x00000fa4                CyHalt
 .text.CyIntSetVector
                0x00000fa8       0x24 .\CortexM0\ARM_GCC_493\Debug\WeatherStation.a(CyLib.o)
                0x00000fa8                CyIntSetVector
 .text.CyIntSetPriority
                0x00000fcc       0x4c .\CortexM0\ARM_GCC_493\Debug\WeatherStation.a(CyLib.o)
                0x00000fcc                CyIntSetPriority
 .text.CyDelay  0x00001018       0x30 .\CortexM0\ARM_GCC_493\Debug\WeatherStation.a(CyLib.o)
                0x00001018                CyDelay
 .text.CyDelayUs
                0x00001048       0x14 .\CortexM0\ARM_GCC_493\Debug\WeatherStation.a(CyLib.o)
                0x00001048                CyDelayUs
 .text.CySysClkWriteImoFreq
                0x0000105c      0x164 .\CortexM0\ARM_GCC_493\Debug\WeatherStation.a(CyLib.o)
                0x0000105c                CySysClkWriteImoFreq
 .text.CySysWdtLocked
                0x000011c0       0x14 .\CortexM0\ARM_GCC_493\Debug\WeatherStation.a(CyLFClk.o)
 .text.CySysWdtLock
                0x000011d4       0x1c .\CortexM0\ARM_GCC_493\Debug\WeatherStation.a(CyLFClk.o)
                0x000011d4                CySysWdtLock
 .text.CySysWdtUnlock
                0x000011f0       0x30 .\CortexM0\ARM_GCC_493\Debug\WeatherStation.a(CyLFClk.o)
                0x000011f0                CySysWdtUnlock
 .text.CySysWdtClearInterrupt
                0x00001220       0x4c .\CortexM0\ARM_GCC_493\Debug\WeatherStation.a(CyLFClk.o)
                0x00001220                CySysWdtClearInterrupt
 .text.CySysWdtIsr
                0x0000126c       0xa4 .\CortexM0\ARM_GCC_493\Debug\WeatherStation.a(CyLFClk.o)
                0x0000126c                CySysWdtIsr
 .text.I2C_ScbEnableIntr
                0x00001310        0xc .\CortexM0\ARM_GCC_493\Debug\WeatherStation.a(I2C.o)
 .text.I2C_Init
                0x0000131c        0x8 .\CortexM0\ARM_GCC_493\Debug\WeatherStation.a(I2C.o)
                0x0000131c                I2C_Init
 .text.I2C_Enable
                0x00001324       0x18 .\CortexM0\ARM_GCC_493\Debug\WeatherStation.a(I2C.o)
                0x00001324                I2C_Enable
 .text.I2C_Start
                0x0000133c       0x20 .\CortexM0\ARM_GCC_493\Debug\WeatherStation.a(I2C.o)
                0x0000133c                I2C_Start
 .text.I2C_I2CInit
                0x0000135c       0xcc .\CortexM0\ARM_GCC_493\Debug\WeatherStation.a(I2C_I2C.o)
                0x0000135c                I2C_I2CInit
 .text.I2C_I2CMasterSendStart
                0x00001428       0xd8 .\CortexM0\ARM_GCC_493\Debug\WeatherStation.a(I2C_I2C_MASTER.o)
                0x00001428                I2C_I2CMasterSendStart
 .text.I2C_I2CMasterSendStop
                0x00001500       0x8c .\CortexM0\ARM_GCC_493\Debug\WeatherStation.a(I2C_I2C_MASTER.o)
                0x00001500                I2C_I2CMasterSendStop
 .text.I2C_I2CMasterWriteByte
                0x0000158c       0x98 .\CortexM0\ARM_GCC_493\Debug\WeatherStation.a(I2C_I2C_MASTER.o)
                0x0000158c                I2C_I2CMasterWriteByte
 .text.I2C_I2CMasterReadByte
                0x00001624       0x84 .\CortexM0\ARM_GCC_493\Debug\WeatherStation.a(I2C_I2C_MASTER.o)
                0x00001624                I2C_I2CMasterReadByte
 .text.I2C_I2CMasterClearStatus
                0x000016a8       0x20 .\CortexM0\ARM_GCC_493\Debug\WeatherStation.a(I2C_I2C_MASTER.o)
                0x000016a8                I2C_I2CMasterClearStatus
 .text.I2C_I2CReStartGeneration
                0x000016c8       0x90 .\CortexM0\ARM_GCC_493\Debug\WeatherStation.a(I2C_I2C_MASTER.o)
                0x000016c8                I2C_I2CReStartGeneration
 .text.I2C_I2CMasterSendRestart
                0x00001758       0xc4 .\CortexM0\ARM_GCC_493\Debug\WeatherStation.a(I2C_I2C_MASTER.o)
                0x00001758                I2C_I2CMasterSendRestart
 .text.UART_Init
                0x0000181c       0x34 .\CortexM0\ARM_GCC_493\Debug\WeatherStation.a(UART.o)
                0x0000181c                UART_Init
 .text.UART_Enable
                0x00001850       0x40 .\CortexM0\ARM_GCC_493\Debug\WeatherStation.a(UART.o)
                0x00001850                UART_Enable
 .text.UART_Start
                0x00001890       0x20 .\CortexM0\ARM_GCC_493\Debug\WeatherStation.a(UART.o)
                0x00001890                UART_Start
 .text.UART_GetChar
                0x000018b0       0x28 .\CortexM0\ARM_GCC_493\Debug\WeatherStation.a(UART.o)
                0x000018b0                UART_GetChar
 .text.UART_ClearRxBuffer
                0x000018d8       0x24 .\CortexM0\ARM_GCC_493\Debug\WeatherStation.a(UART.o)
                0x000018d8                UART_ClearRxBuffer
 .text.UART_PutChar
                0x000018fc       0x18 .\CortexM0\ARM_GCC_493\Debug\WeatherStation.a(UART.o)
                0x000018fc                UART_PutChar
 .text.UART_PutString
                0x00001914       0x28 .\CortexM0\ARM_GCC_493\Debug\WeatherStation.a(UART.o)
                0x00001914                UART_PutString
 .text.I2C_sda_Read
                0x0000193c       0x10 .\CortexM0\ARM_GCC_493\Debug\WeatherStation.a(I2C_sda.o)
                0x0000193c                I2C_sda_Read
 .text.I2C_scl_Write
                0x0000194c       0x18 .\CortexM0\ARM_GCC_493\Debug\WeatherStation.a(I2C_scl.o)
                0x0000194c                I2C_scl_Write
 .text.I2C_scl_Read
                0x00001964       0x10 .\CortexM0\ARM_GCC_493\Debug\WeatherStation.a(I2C_scl.o)
                0x00001964                I2C_scl_Read
 .text.HUM_Write
                0x00001974       0x18 .\CortexM0\ARM_GCC_493\Debug\WeatherStation.a(HUM.o)
                0x00001974                HUM_Write
 .text.HUM_Read
                0x0000198c       0x10 .\CortexM0\ARM_GCC_493\Debug\WeatherStation.a(HUM.o)
                0x0000198c                HUM_Read
 .text.Timeout_Stop
                0x0000199c       0x1c .\CortexM0\ARM_GCC_493\Debug\WeatherStation.a(Timeout.o)
                0x0000199c                Timeout_Stop
 .text.Timeout_WriteCounter
                0x000019b8       0x10 .\CortexM0\ARM_GCC_493\Debug\WeatherStation.a(Timeout.o)
                0x000019b8                Timeout_WriteCounter
 .text.Timeout_WritePeriod
                0x000019c8       0x10 .\CortexM0\ARM_GCC_493\Debug\WeatherStation.a(Timeout.o)
                0x000019c8                Timeout_WritePeriod
 .text.Timeout_WriteCompare
                0x000019d8       0x10 .\CortexM0\ARM_GCC_493\Debug\WeatherStation.a(Timeout.o)
                0x000019d8                Timeout_WriteCompare
 .text.Timeout_TriggerCommand
                0x000019e8       0x1c .\CortexM0\ARM_GCC_493\Debug\WeatherStation.a(Timeout.o)
                0x000019e8                Timeout_TriggerCommand
 .text.Timeout_Enable
                0x00001a04       0x24 .\CortexM0\ARM_GCC_493\Debug\WeatherStation.a(Timeout.o)
                0x00001a04                Timeout_Enable
 .text.Timeout_SetInterruptMode
                0x00001a28        0xc .\CortexM0\ARM_GCC_493\Debug\WeatherStation.a(Timeout.o)
                0x00001a28                Timeout_SetInterruptMode
 .text.Timeout_Init
                0x00001a34       0x38 .\CortexM0\ARM_GCC_493\Debug\WeatherStation.a(Timeout.o)
                0x00001a34                Timeout_Init
 .text.Timeout_Start
                0x00001a6c       0x20 .\CortexM0\ARM_GCC_493\Debug\WeatherStation.a(Timeout.o)
                0x00001a6c                Timeout_Start
 .text.Timeout_ClearInterrupt
                0x00001a8c        0xc .\CortexM0\ARM_GCC_493\Debug\WeatherStation.a(Timeout.o)
                0x00001a8c                Timeout_ClearInterrupt
 .text.isr_Timeout_SetVector
                0x00001a98        0xc .\CortexM0\ARM_GCC_493\Debug\WeatherStation.a(isr_Timeout.o)
                0x00001a98                isr_Timeout_SetVector
 .text.isr_Timeout_SetPriority
                0x00001aa4       0x20 .\CortexM0\ARM_GCC_493\Debug\WeatherStation.a(isr_Timeout.o)
                0x00001aa4                isr_Timeout_SetPriority
 .text.isr_Timeout_Enable
                0x00001ac4       0x10 .\CortexM0\ARM_GCC_493\Debug\WeatherStation.a(isr_Timeout.o)
                0x00001ac4                isr_Timeout_Enable
 .text.isr_Timeout_Disable
                0x00001ad4       0x10 .\CortexM0\ARM_GCC_493\Debug\WeatherStation.a(isr_Timeout.o)
                0x00001ad4                isr_Timeout_Disable
 .text.isr_Timeout_StartEx
                0x00001ae4       0x1c .\CortexM0\ARM_GCC_493\Debug\WeatherStation.a(isr_Timeout.o)
                0x00001ae4                isr_Timeout_StartEx
 .text.UART_IntClock_Start
                0x00001b00       0x14 .\CortexM0\ARM_GCC_493\Debug\WeatherStation.a(UART_IntClock.o)
                0x00001b00                UART_IntClock_Start
 .text.LED_R_Write
                0x00001b14       0x18 .\CortexM0\ARM_GCC_493\Debug\WeatherStation.a(LED_R.o)
                0x00001b14                LED_R_Write
 .text.LED_G_Write
                0x00001b2c       0x18 .\CortexM0\ARM_GCC_493\Debug\WeatherStation.a(LED_G.o)
                0x00001b2c                LED_G_Write
 .text.LED_B_Write
                0x00001b44       0x18 .\CortexM0\ARM_GCC_493\Debug\WeatherStation.a(LED_B.o)
                0x00001b44                LED_B_Write
 .text.ClockTO_SetFractionalDividerRegister
                0x00001b5c       0x14 .\CortexM0\ARM_GCC_493\Debug\WeatherStation.a(ClockTO.o)
                0x00001b5c                ClockTO_SetFractionalDividerRegister
 .text.ClockTO_GetDividerRegister
                0x00001b70        0xc .\CortexM0\ARM_GCC_493\Debug\WeatherStation.a(ClockTO.o)
                0x00001b70                ClockTO_GetDividerRegister
 .text.PinWindCE_Write
                0x00001b7c       0x18 .\CortexM0\ARM_GCC_493\Debug\WeatherStation.a(PinWindCE.o)
                0x00001b7c                PinWindCE_Write
 .text.PinWindRX_Read
                0x00001b94       0x10 .\CortexM0\ARM_GCC_493\Debug\WeatherStation.a(PinWindRX.o)
                0x00001b94                PinWindRX_Read
 .text.ADC_Init
                0x00001ba4      0x100 .\CortexM0\ARM_GCC_493\Debug\WeatherStation.a(ADC.o)
                0x00001ba4                ADC_Init
 .text.ADC_Enable
                0x00001ca4       0x24 .\CortexM0\ARM_GCC_493\Debug\WeatherStation.a(ADC.o)
                0x00001ca4                ADC_Enable
 .text.ADC_Start
                0x00001cc8       0x20 .\CortexM0\ARM_GCC_493\Debug\WeatherStation.a(ADC.o)
                0x00001cc8                ADC_Start
 .text.ADC_StartConvert
                0x00001ce8       0x14 .\CortexM0\ARM_GCC_493\Debug\WeatherStation.a(ADC.o)
                0x00001ce8                ADC_StartConvert
 .text.ADC_IsEndConversion
                0x00001cfc       0x28 .\CortexM0\ARM_GCC_493\Debug\WeatherStation.a(ADC.o)
                0x00001cfc                ADC_IsEndConversion
 .text.ADC_GetResult16
                0x00001d24       0x2c .\CortexM0\ARM_GCC_493\Debug\WeatherStation.a(ADC.o)
                0x00001d24                ADC_GetResult16
 .text.ADC_CountsTo_mVolts
                0x00001d50       0x5c .\CortexM0\ARM_GCC_493\Debug\WeatherStation.a(ADC.o)
                0x00001d50                ADC_CountsTo_mVolts
 .text.ADC_ISR  0x00001dac        0xc .\CortexM0\ARM_GCC_493\Debug\WeatherStation.a(ADC_INT.o)
                0x00001dac                ADC_ISR
 .text.ADC_IRQ_Disable
                0x00001db8       0x10 .\CortexM0\ARM_GCC_493\Debug\WeatherStation.a(ADC_IRQ.o)
                0x00001db8                ADC_IRQ_Disable
 .text.isr_Rain_SetVector
                0x00001dc8        0xc .\CortexM0\ARM_GCC_493\Debug\WeatherStation.a(isr_Rain.o)
                0x00001dc8                isr_Rain_SetVector
 .text.isr_Rain_SetPriority
                0x00001dd4       0x20 .\CortexM0\ARM_GCC_493\Debug\WeatherStation.a(isr_Rain.o)
                0x00001dd4                isr_Rain_SetPriority
 .text.isr_Rain_Enable
                0x00001df4        0xc .\CortexM0\ARM_GCC_493\Debug\WeatherStation.a(isr_Rain.o)
                0x00001df4                isr_Rain_Enable
 .text.isr_Rain_Disable
                0x00001e00        0xc .\CortexM0\ARM_GCC_493\Debug\WeatherStation.a(isr_Rain.o)
                0x00001e00                isr_Rain_Disable
 .text.isr_Rain_StartEx
                0x00001e0c       0x1c .\CortexM0\ARM_GCC_493\Debug\WeatherStation.a(isr_Rain.o)
                0x00001e0c                isr_Rain_StartEx
 .text          0x00001e28       0x28 .\CortexM0\ARM_GCC_493\Debug\WeatherStation.a(CyBootAsmGnu.o)
                0x00001e28                CyDelayCycles
                0x00001e3c                CyEnterCriticalSection
                0x00001e44                CyExitCriticalSection
 .text.I2C_I2C_ISR
                0x00001e50      0x3a0 .\CortexM0\ARM_GCC_493\Debug\WeatherStation.a(I2C_I2C_INT.o)
                0x00001e50                I2C_I2C_ISR
 .text          0x000021f0      0x120 c:/program files (x86)/cypress/psoc creator/3.3/psoc creator/import/gnu/arm/4.9.3/bin/../lib/gcc/arm-none-eabi/4.9.3/armv6-m\libgcc.a(_udivsi3.o)
                0x000021f0                __aeabi_uidiv
                0x000021f0                __udivsi3
                0x000022fc                __aeabi_uidivmod
 .text          0x00002310      0x1e0 c:/program files (x86)/cypress/psoc creator/3.3/psoc creator/import/gnu/arm/4.9.3/bin/../lib/gcc/arm-none-eabi/4.9.3/armv6-m\libgcc.a(_divsi3.o)
                0x00002310                __divsi3
                0x00002310                __aeabi_idiv
                0x000024dc                __aeabi_idivmod
 .text          0x000024f0        0x4 c:/program files (x86)/cypress/psoc creator/3.3/psoc creator/import/gnu/arm/4.9.3/bin/../lib/gcc/arm-none-eabi/4.9.3/armv6-m\libgcc.a(_dvmd_tls.o)
                0x000024f0                __aeabi_idiv0
                0x000024f0                __aeabi_ldiv0
 .text          0x000024f4       0x3c c:/program files (x86)/cypress/psoc creator/3.3/psoc creator/import/gnu/arm/4.9.3/bin/../lib/gcc/arm-none-eabi/4.9.3/armv6-m\libgcc.a(_fixunsdfsi.o)
                0x000024f4                __aeabi_d2uiz
                0x000024f4                __fixunsdfsi
 .text          0x00002530      0x534 c:/program files (x86)/cypress/psoc creator/3.3/psoc creator/import/gnu/arm/4.9.3/bin/../lib/gcc/arm-none-eabi/4.9.3/armv6-m\libgcc.a(muldf3.o)
                0x00002530                __aeabi_dmul
 .text          0x00002a64      0x6f4 c:/program files (x86)/cypress/psoc creator/3.3/psoc creator/import/gnu/arm/4.9.3/bin/../lib/gcc/arm-none-eabi/4.9.3/armv6-m\libgcc.a(subdf3.o)
                0x00002a64                __aeabi_dsub
 .text          0x00003158       0x6c c:/program files (x86)/cypress/psoc creator/3.3/psoc creator/import/gnu/arm/4.9.3/bin/../lib/gcc/arm-none-eabi/4.9.3/armv6-m\libgcc.a(fixdfsi.o)
                0x00003158                __aeabi_d2iz
 .text          0x000031c4       0x78 c:/program files (x86)/cypress/psoc creator/3.3/psoc creator/import/gnu/arm/4.9.3/bin/../lib/gcc/arm-none-eabi/4.9.3/armv6-m\libgcc.a(floatsidf.o)
                0x000031c4                __aeabi_i2d
 .text          0x0000323c       0x7c c:/program files (x86)/cypress/psoc creator/3.3/psoc creator/import/gnu/arm/4.9.3/bin/../lib/gcc/arm-none-eabi/4.9.3/armv6-m\libgcc.a(_arm_cmpdf2.o)
                0x0000323c                __aeabi_cdrcmple
                0x0000324c                __aeabi_cdcmple
                0x0000324c                __aeabi_cdcmpeq
                0x0000325c                __aeabi_dcmpeq
                0x00003268                __aeabi_dcmplt
                0x0000327c                __aeabi_dcmple
                0x00003290                __aeabi_dcmpgt
                0x000032a4                __aeabi_dcmpge
 .text          0x000032b8       0x3c c:/program files (x86)/cypress/psoc creator/3.3/psoc creator/import/gnu/arm/4.9.3/bin/../lib/gcc/arm-none-eabi/4.9.3/armv6-m\libgcc.a(_clzsi2.o)
                0x000032b8                __clzsi2
 .text          0x000032f4       0x88 c:/program files (x86)/cypress/psoc creator/3.3/psoc creator/import/gnu/arm/4.9.3/bin/../lib/gcc/arm-none-eabi/4.9.3/armv6-m\libgcc.a(eqdf2.o)
                0x000032f4                __nedf2
                0x000032f4                __eqdf2
 .text          0x0000337c       0xe0 c:/program files (x86)/cypress/psoc creator/3.3/psoc creator/import/gnu/arm/4.9.3/bin/../lib/gcc/arm-none-eabi/4.9.3/armv6-m\libgcc.a(gedf2.o)
                0x0000337c                __gedf2
                0x0000337c                __gtdf2
 .text          0x0000345c       0xcc c:/program files (x86)/cypress/psoc creator/3.3/psoc creator/import/gnu/arm/4.9.3/bin/../lib/gcc/arm-none-eabi/4.9.3/armv6-m\libgcc.a(ledf2.o)
                0x0000345c                __ledf2
                0x0000345c                __ltdf2
 .text.__errno  0x00003528        0xc c:/program files (x86)/cypress/psoc creator/3.3/psoc creator/import/gnu/arm/4.9.3/bin/../lib/gcc/arm-none-eabi/4.9.3/../../../../arm-none-eabi/lib/armv6-m\libg_nano.a(lib_a-errno.o)
                0x00003528                __errno
 .text.__libc_init_array
                0x00003534       0x4c c:/program files (x86)/cypress/psoc creator/3.3/psoc creator/import/gnu/arm/4.9.3/bin/../lib/gcc/arm-none-eabi/4.9.3/../../../../arm-none-eabi/lib/armv6-m\libg_nano.a(lib_a-init.o)
                0x00003534                __libc_init_array
 .text.memcpy   0x00003580       0x12 c:/program files (x86)/cypress/psoc creator/3.3/psoc creator/import/gnu/arm/4.9.3/bin/../lib/gcc/arm-none-eabi/4.9.3/../../../../arm-none-eabi/lib/armv6-m\libg_nano.a(lib_a-memcpy.o)
                0x00003580                memcpy
 .text.memset   0x00003592       0x10 c:/program files (x86)/cypress/psoc creator/3.3/psoc creator/import/gnu/arm/4.9.3/bin/../lib/gcc/arm-none-eabi/4.9.3/../../../../arm-none-eabi/lib/armv6-m\libg_nano.a(lib_a-memset.o)
                0x00003592                memset
 *fill*         0x000035a2        0x2 
 .text.sprintf  0x000035a4       0x44 c:/program files (x86)/cypress/psoc creator/3.3/psoc creator/import/gnu/arm/4.9.3/bin/../lib/gcc/arm-none-eabi/4.9.3/../../../../arm-none-eabi/lib/armv6-m\libg_nano.a(lib_a-sprintf.o)
                0x000035a4                siprintf
                0x000035a4                sprintf
 .text.strcat   0x000035e8       0x1a c:/program files (x86)/cypress/psoc creator/3.3/psoc creator/import/gnu/arm/4.9.3/bin/../lib/gcc/arm-none-eabi/4.9.3/../../../../arm-none-eabi/lib/armv6-m\libg_nano.a(lib_a-strcat.o)
                0x000035e8                strcat
 .text          0x00003602       0x14 c:/program files (x86)/cypress/psoc creator/3.3/psoc creator/import/gnu/arm/4.9.3/bin/../lib/gcc/arm-none-eabi/4.9.3/../../../../arm-none-eabi/lib/armv6-m\libg_nano.a(lib_a-strcmp.o)
                0x00003602                strcmp
 .text.strlen   0x00003616        0xe c:/program files (x86)/cypress/psoc creator/3.3/psoc creator/import/gnu/arm/4.9.3/bin/../lib/gcc/arm-none-eabi/4.9.3/../../../../arm-none-eabi/lib/armv6-m\libg_nano.a(lib_a-strlen.o)
                0x00003616                strlen
 .text.strncmp  0x00003624       0x28 c:/program files (x86)/cypress/psoc creator/3.3/psoc creator/import/gnu/arm/4.9.3/bin/../lib/gcc/arm-none-eabi/4.9.3/../../../../arm-none-eabi/lib/armv6-m\libg_nano.a(lib_a-strncmp.o)
                0x00003624                strncmp
 .text.strncpy  0x0000364c       0x28 c:/program files (x86)/cypress/psoc creator/3.3/psoc creator/import/gnu/arm/4.9.3/bin/../lib/gcc/arm-none-eabi/4.9.3/../../../../arm-none-eabi/lib/armv6-m\libg_nano.a(lib_a-strncpy.o)
                0x0000364c                strncpy
 .text.__ssputs_r
                0x00003674       0xc0 c:/program files (x86)/cypress/psoc creator/3.3/psoc creator/import/gnu/arm/4.9.3/bin/../lib/gcc/arm-none-eabi/4.9.3/../../../../arm-none-eabi/lib/armv6-m\libg_nano.a(lib_a-nano-svfprintf.o)
                0x00003674                __ssputs_r
 .text._svfprintf_r
                0x00003734      0x1ec c:/program files (x86)/cypress/psoc creator/3.3/psoc creator/import/gnu/arm/4.9.3/bin/../lib/gcc/arm-none-eabi/4.9.3/../../../../arm-none-eabi/lib/armv6-m\libg_nano.a(lib_a-nano-svfprintf.o)
                0x00003734                _svfiprintf_r
                0x00003734                _svfprintf_r
 .text._printf_common
                0x00003920       0xdc c:/program files (x86)/cypress/psoc creator/3.3/psoc creator/import/gnu/arm/4.9.3/bin/../lib/gcc/arm-none-eabi/4.9.3/../../../../arm-none-eabi/lib/armv6-m\libg_nano.a(lib_a-nano-vfprintf_i.o)
                0x00003920                _printf_common
 .text._printf_i
                0x000039fc      0x230 c:/program files (x86)/cypress/psoc creator/3.3/psoc creator/import/gnu/arm/4.9.3/bin/../lib/gcc/arm-none-eabi/4.9.3/../../../../arm-none-eabi/lib/armv6-m\libg_nano.a(lib_a-nano-vfprintf_i.o)
                0x000039fc                _printf_i
 .text.memchr   0x00003c2c       0x16 c:/program files (x86)/cypress/psoc creator/3.3/psoc creator/import/gnu/arm/4.9.3/bin/../lib/gcc/arm-none-eabi/4.9.3/../../../../arm-none-eabi/lib/armv6-m\libg_nano.a(lib_a-memchr.o)
                0x00003c2c                memchr
 .text.memmove  0x00003c42       0x28 c:/program files (x86)/cypress/psoc creator/3.3/psoc creator/import/gnu/arm/4.9.3/bin/../lib/gcc/arm-none-eabi/4.9.3/../../../../arm-none-eabi/lib/armv6-m\libg_nano.a(lib_a-memmove.o)
                0x00003c42                memmove
 *fill*         0x00003c6a        0x2 
 .text._free_r  0x00003c6c       0x8c c:/program files (x86)/cypress/psoc creator/3.3/psoc creator/import/gnu/arm/4.9.3/bin/../lib/gcc/arm-none-eabi/4.9.3/../../../../arm-none-eabi/lib/armv6-m\libg_nano.a(lib_a-nano-freer.o)
                0x00003c6c                _free_r
 .text._malloc_r
                0x00003cf8       0xb0 c:/program files (x86)/cypress/psoc creator/3.3/psoc creator/import/gnu/arm/4.9.3/bin/../lib/gcc/arm-none-eabi/4.9.3/../../../../arm-none-eabi/lib/armv6-m\libg_nano.a(lib_a-nano-mallocr.o)
                0x00003cf8                _malloc_r
 .text._realloc_r
                0x00003da8       0x4c c:/program files (x86)/cypress/psoc creator/3.3/psoc creator/import/gnu/arm/4.9.3/bin/../lib/gcc/arm-none-eabi/4.9.3/../../../../arm-none-eabi/lib/armv6-m\libg_nano.a(lib_a-nano-reallocr.o)
                0x00003da8                _realloc_r
 .text._sbrk_r  0x00003df4       0x24 c:/program files (x86)/cypress/psoc creator/3.3/psoc creator/import/gnu/arm/4.9.3/bin/../lib/gcc/arm-none-eabi/4.9.3/../../../../arm-none-eabi/lib/armv6-m\libg_nano.a(lib_a-sbrkr.o)
                0x00003df4                _sbrk_r
 .text._malloc_usable_size_r
                0x00003e18       0x16 c:/program files (x86)/cypress/psoc creator/3.3/psoc creator/import/gnu/arm/4.9.3/bin/../lib/gcc/arm-none-eabi/4.9.3/../../../../arm-none-eabi/lib/armv6-m\libg_nano.a(lib_a-nano-msizer.o)
                0x00003e18                _malloc_usable_size_r
 *(.plt)
 *(.gnu.warning)
 *(.glue_7t)
 .glue_7t       0x00000000        0x0 linker stubs
 *(.glue_7)
 .glue_7        0x00000000        0x0 linker stubs
 *(.vfp11_veneer)
 .vfp11_veneer  0x00000000        0x0 linker stubs
 *(.bootloader)
 *(.ARM.extab* .gnu.linkonce.armextab.*)
 *(.gcc_except_table)

.v4_bx          0x00003e30        0x0
 .v4_bx         0x00000000        0x0 linker stubs

.iplt           0x00003e30        0x0
 .iplt          0x00000000        0x0 c:/program files (x86)/cypress/psoc creator/3.3/psoc creator/import/gnu/arm/4.9.3/bin/../lib/gcc/arm-none-eabi/4.9.3/armv6-m/crtbegin.o

.eh_frame_hdr
 *(.eh_frame_hdr)

.eh_frame       0x00003e30       0x2c
 *(.eh_frame)
 .eh_frame      0x00003e30        0x0 c:/program files (x86)/cypress/psoc creator/3.3/psoc creator/import/gnu/arm/4.9.3/bin/../lib/gcc/arm-none-eabi/4.9.3/armv6-m/crtbegin.o
 .eh_frame      0x00003e30       0x28 c:/program files (x86)/cypress/psoc creator/3.3/psoc creator/import/gnu/arm/4.9.3/bin/../lib/gcc/arm-none-eabi/4.9.3/../../../../arm-none-eabi/lib/armv6-m\libg_nano.a(lib_a-strcmp.o)
 .eh_frame      0x00003e58        0x4 c:/program files (x86)/cypress/psoc creator/3.3/psoc creator/import/gnu/arm/4.9.3/bin/../lib/gcc/arm-none-eabi/4.9.3/armv6-m/crtend.o
                0x00003e5c                PROVIDE (__exidx_start, .)

.ARM.exidx
 *(.ARM.exidx* .gnu.linkonce.armexidx.*)
                0x00003e5c                __exidx_end = .

.rodata         0x00003e5c      0x54c
 *(.rodata .rodata.* .gnu.linkonce.r.*)
 .rodata.str1.4
                0x00003e5c      0x170 .\CortexM0\ARM_GCC_493\Debug\main.o
 .rodata        0x00003fcc      0x2fc .\CortexM0\ARM_GCC_493\Debug\WeatherStation.a(cyfitter_cfg.o)
 .rodata        0x000042c8       0x30 .\CortexM0\ARM_GCC_493\Debug\WeatherStation.a(CyLib.o)
                0x000042c8                cyImoFreqMhz2Reg
 .rodata        0x000042f8       0x40 c:/program files (x86)/cypress/psoc creator/3.3/psoc creator/import/gnu/arm/4.9.3/bin/../lib/gcc/arm-none-eabi/4.9.3/armv6-m\libgcc.a(muldf3.o)
 .rodata.str1.1
                0x00004338        0x2 c:/program files (x86)/cypress/psoc creator/3.3/psoc creator/import/gnu/arm/4.9.3/bin/../lib/gcc/arm-none-eabi/4.9.3/../../../../arm-none-eabi/lib/armv6-m\libg_nano.a(lib_a-impure.o)
 .rodata.str1.1
                0x0000433a       0x11 c:/program files (x86)/cypress/psoc creator/3.3/psoc creator/import/gnu/arm/4.9.3/bin/../lib/gcc/arm-none-eabi/4.9.3/../../../../arm-none-eabi/lib/armv6-m\libg_nano.a(lib_a-nano-svfprintf.o)
 .rodata.str1.1
                0x0000434b       0x22 c:/program files (x86)/cypress/psoc creator/3.3/psoc creator/import/gnu/arm/4.9.3/bin/../lib/gcc/arm-none-eabi/4.9.3/../../../../arm-none-eabi/lib/armv6-m\libg_nano.a(lib_a-nano-vfprintf_i.o)
                0x00004370                . = ALIGN (0x4)
 *fill*         0x0000436d        0x3 
 *(.init)
 .init          0x00004370        0x4 c:/program files (x86)/cypress/psoc creator/3.3/psoc creator/import/gnu/arm/4.9.3/bin/../lib/gcc/arm-none-eabi/4.9.3/armv6-m/crti.o
                0x00004370                _init
 .init          0x00004374        0x8 c:/program files (x86)/cypress/psoc creator/3.3/psoc creator/import/gnu/arm/4.9.3/bin/../lib/gcc/arm-none-eabi/4.9.3/armv6-m/crtn.o
                0x0000437c                . = ALIGN (0x4)
                0x0000437c                __preinit_array_start = .
 *(.preinit_array)
                0x0000437c                __preinit_array_end = .
                0x0000437c                . = ALIGN (0x4)
                0x0000437c                __init_array_start = .
 *(SORT(.init_array.*))
 *(.init_array)
 .init_array    0x0000437c        0x4 c:/program files (x86)/cypress/psoc creator/3.3/psoc creator/import/gnu/arm/4.9.3/bin/../lib/gcc/arm-none-eabi/4.9.3/armv6-m/crtbegin.o
 .init_array    0x00004380        0x4 .\CortexM0\ARM_GCC_493\Debug\Cm0Start.o
                0x00004384                __init_array_end = .
                0x00004384                . = ALIGN (0x4)
 *(.fini)
 .fini          0x00004384        0x4 c:/program files (x86)/cypress/psoc creator/3.3/psoc creator/import/gnu/arm/4.9.3/bin/../lib/gcc/arm-none-eabi/4.9.3/armv6-m/crti.o
                0x00004384                _fini
 .fini          0x00004388        0x8 c:/program files (x86)/cypress/psoc creator/3.3/psoc creator/import/gnu/arm/4.9.3/bin/../lib/gcc/arm-none-eabi/4.9.3/armv6-m/crtn.o
                0x00004390                . = ALIGN (0x4)
                0x00004390                __fini_array_start = .
 *(.fini_array)
 .fini_array    0x00004390        0x4 c:/program files (x86)/cypress/psoc creator/3.3/psoc creator/import/gnu/arm/4.9.3/bin/../lib/gcc/arm-none-eabi/4.9.3/armv6-m/crtbegin.o
 *(SORT(.fini_array.*))
                0x00004394                __fini_array_end = .
                0x00004394                . = ALIGN (0x4)
 *crtbegin.o(.ctors)
 *(EXCLUDE_FILE(*crtend.o) .ctors)
 *(SORT(.ctors.*))
 *crtend.o(.ctors)
                0x00004394                . = ALIGN (0x4)
 *crtbegin.o(.dtors)
 *(EXCLUDE_FILE(*crtend.o) .dtors)
 *(SORT(.dtors.*))
 *crtend.o(.dtors)
                0x00004394                . = ALIGN (0x4)
                0x00004394                __cy_regions = .
                0x00004394        0x4 LONG 0x43a8 __cy_region_init_ram
                0x00004398        0x4 LONG 0x200000c8 __cy_region_start_data
                0x0000439c        0x4 LONG 0x80 __cy_region_init_size_ram
                0x000043a0        0x4 LONG 0xb0 __cy_region_zero_size_ram
                0x000043a4                __cy_regions_end = .
                0x000043a8                . = ALIGN (0x8)
 *fill*         0x000043a4        0x4 
                0x000043a8                _etext = .

.cy_checksum_exclude
                0x000043a8        0x0
 *(.cy_checksum_exclude)

.ramvectors     0x20000000       0xc0
                0x20000000                __cy_region_start_ram = .
 *(.ramvectors)
 .ramvectors    0x20000000       0xc0 .\CortexM0\ARM_GCC_493\Debug\Cm0Start.o
                0x20000000                CyRamVectors

.noinit         0x200000c0        0x4
 *(.noinit)
 .noinit        0x200000c0        0x4 .\CortexM0\ARM_GCC_493\Debug\Cm0Start.o

.data           0x200000c8       0x80 load address 0x000043a8
                0x200000c8                __cy_region_start_data = .
 *(.jcr)
 .jcr           0x200000c8        0x0 c:/program files (x86)/cypress/psoc creator/3.3/psoc creator/import/gnu/arm/4.9.3/bin/../lib/gcc/arm-none-eabi/4.9.3/armv6-m/crtbegin.o
 .jcr           0x200000c8        0x4 c:/program files (x86)/cypress/psoc creator/3.3/psoc creator/import/gnu/arm/4.9.3/bin/../lib/gcc/arm-none-eabi/4.9.3/armv6-m/crtend.o
 *(.got.plt)
 *(.got)
 *(.shdata)
 *(.data .data.* .gnu.linkonce.d.*)
 .data          0x200000cc        0x4 .\CortexM0\ARM_GCC_493\Debug\Cm0Start.o
 .data          0x200000d0       0x10 .\CortexM0\ARM_GCC_493\Debug\WeatherStation.a(CyLib.o)
                0x200000d0                cydelay32kMs
                0x200000d4                cydelayFreqKhz
                0x200000d8                cydelayFreqMhz
                0x200000dc                cydelayFreqHz
 .data          0x200000e0        0x4 .\CortexM0\ARM_GCC_493\Debug\WeatherStation.a(CyLFClk.o)
 .data.impure_data
                0x200000e4       0x60 c:/program files (x86)/cypress/psoc creator/3.3/psoc creator/import/gnu/arm/4.9.3/bin/../lib/gcc/arm-none-eabi/4.9.3/../../../../arm-none-eabi/lib/armv6-m\libg_nano.a(lib_a-impure.o)
 .data._impure_ptr
                0x20000144        0x4 c:/program files (x86)/cypress/psoc creator/3.3/psoc creator/import/gnu/arm/4.9.3/bin/../lib/gcc/arm-none-eabi/4.9.3/../../../../arm-none-eabi/lib/armv6-m\libg_nano.a(lib_a-impure.o)
                0x20000144                _impure_ptr
                0x20000148                . = ALIGN (0x8)
 *(.ram)
                0x20000148                _edata = .

.igot.plt       0x20000148        0x0 load address 0x00004428
 .igot.plt      0x00000000        0x0 c:/program files (x86)/cypress/psoc creator/3.3/psoc creator/import/gnu/arm/4.9.3/bin/../lib/gcc/arm-none-eabi/4.9.3/armv6-m/crtbegin.o

.bss            0x20000148       0xb0 load address 0x00004428
                0x20000148                PROVIDE (__bss_start__, .)
 *(.shbss)
 *(.bss .bss.* .gnu.linkonce.b.*)
 .bss           0x20000148       0x1c c:/program files (x86)/cypress/psoc creator/3.3/psoc creator/import/gnu/arm/4.9.3/bin/../lib/gcc/arm-none-eabi/4.9.3/armv6-m/crtbegin.o
 .bss           0x20000164       0x20 .\CortexM0\ARM_GCC_493\Debug\WeatherStation.a(CyLFClk.o)
 .bss           0x20000184        0x8 .\CortexM0\ARM_GCC_493\Debug\WeatherStation.a(I2C.o)
                0x20000184                I2C_initVar
                0x20000188                I2C_customIntrHandler
 .bss           0x2000018c        0x2 .\CortexM0\ARM_GCC_493\Debug\WeatherStation.a(UART.o)
                0x2000018c                UART_initVar
 .bss           0x2000018e        0x1 .\CortexM0\ARM_GCC_493\Debug\WeatherStation.a(Timeout.o)
                0x2000018e                Timeout_initVar
 .bss           0x2000018f        0x1 .\CortexM0\ARM_GCC_493\Debug\WeatherStation.a(ADC.o)
                0x2000018f                ADC_initVar
 .bss.__malloc_sbrk_start
                0x20000190        0x4 c:/program files (x86)/cypress/psoc creator/3.3/psoc creator/import/gnu/arm/4.9.3/bin/../lib/gcc/arm-none-eabi/4.9.3/../../../../arm-none-eabi/lib/armv6-m\libg_nano.a(lib_a-nano-mallocr.o)
                0x20000190                __malloc_sbrk_start
 .bss.__malloc_free_list
                0x20000194        0x4 c:/program files (x86)/cypress/psoc creator/3.3/psoc creator/import/gnu/arm/4.9.3/bin/../lib/gcc/arm-none-eabi/4.9.3/../../../../arm-none-eabi/lib/armv6-m\libg_nano.a(lib_a-nano-mallocr.o)
                0x20000194                __malloc_free_list
 *(COMMON)
 COMMON         0x20000198       0x28 .\CortexM0\ARM_GCC_493\Debug\main.o
                0x20000198                timeoutFlag
                0x2000019a                MD
                0x2000019c                AC1
                0x2000019e                AC6
                0x200001a0                AM2302_Humidity
                0x200001a2                windDirection
                0x200001a4                AC5
                0x200001a6                windSpeed
                0x200001a8                AC4
                0x200001aa                MB
                0x200001ac                AC2
                0x200001ae                AC3
                0x200001b0                B2
                0x200001b2                AM2302_Temp
                0x200001b4                AM2302_CRC
                0x200001b8                rainCounter
                0x200001bc                B1
                0x200001be                MC
 COMMON         0x200001c0        0x1 .\CortexM0\ARM_GCC_493\Debug\WeatherStation.a(I2C_I2C.o)
                0x200001c0                I2C_state
 *fill*         0x200001c1        0x3 
 COMMON         0x200001c4       0x24 .\CortexM0\ARM_GCC_493\Debug\WeatherStation.a(I2C_I2C_MASTER.o)
                0x200001c4                I2C_mstrWrBufIndexTmp
                0x200001c8                I2C_mstrWrBufIndex
                0x200001cc                I2C_mstrWrBufSize
                0x200001d0                I2C_mstrStatus
                0x200001d4                I2C_mstrRdBufPtr
                0x200001d8                I2C_mstrControl
                0x200001dc                I2C_mstrRdBufSize
                0x200001e0                I2C_mstrRdBufIndex
                0x200001e4                I2C_mstrWrBufPtr
 COMMON         0x200001e8        0x6 .\CortexM0\ARM_GCC_493\Debug\WeatherStation.a(ADC.o)
                0x200001e8                ADC_countsPer10Volt
                0x200001ec                ADC_offset
 *fill*         0x200001ee        0x2 
 COMMON         0x200001f0        0x4 c:/program files (x86)/cypress/psoc creator/3.3/psoc creator/import/gnu/arm/4.9.3/bin/../lib/gcc/arm-none-eabi/4.9.3/../../../../arm-none-eabi/lib/armv6-m\libg_nano.a(lib_a-reent.o)
                0x200001f0                errno
                0x200001f8                . = ALIGN (0x8)
 *fill*         0x200001f4        0x4 
 *(.ram.b)
                0x200001f8                _end = .
                0x200001f8                __end = .
                0x200001f8                PROVIDE (end, .)
                0x200001f8                PROVIDE (__bss_end__, .)
                0x000043a8                __cy_region_init_ram = LOADADDR (.data)
                0x00000080                __cy_region_init_size_ram = (_edata - ADDR (.data))
                0x000000b0                __cy_region_zero_size_ram = (_end - _edata)

.heap           0x200001f8       0x80 load address 0x00004428
                0x200001f8                . = _end
                0x20000278                . = (. + 0x80)
 *fill*         0x200001f8       0x80 
                0x20000278                __cy_heap_limit = .

.stack          0x20000c00      0x400
                0x20000c00                __cy_stack_limit = .
                0x20001000                . = (. + 0x400)
 *fill*         0x20000c00      0x400 
                0x00000001                ASSERT ((__cy_stack_limit >= __cy_heap_limit), region RAM overflowed with stack)
                0x00000000                cy_checksum_exclude_size = (CY_APPL_LOADABLE == 0x1)?SIZEOF (.cy_checksum_exclude):0x0
                0x00000001                ASSERT ((cy_checksum_exclude_size <= CY_CHECKSUM_EXCLUDE_SIZE), CY_BOOT: Section .cy_checksum_exclude size exceedes specified limit.)
                0x00007fc0                cyloadermeta_start = (cy_project_type_bootloader || cy_project_type_app_for_stack_and_copier)?(0x8000 - CY_METADATA_SIZE):0xf0000000

.cyloadermeta
 *(.cyloadermeta)
                0x00007fc0                cyloadablemeta_start = cy_project_type_app_for_stack_and_copier?((0x8000 - CY_FLASH_ROW_SIZE) - CY_METADATA_SIZE):((0x8000 - (CY_FLASH_ROW_SIZE * (CY_APPL_NUM - 0x1))) - CY_METADATA_SIZE)

.cyloadablemeta
 *(.cyloadablemeta)

.cyflashprotect
                0x90400000       0x20
 *(.cyflashprotect)
 .cyflashprotect
                0x90400000       0x20 .\CortexM0\ARM_GCC_493\Debug\cymetadata.o
                0x90400000                cy_meta_flashprotect

.cymeta         0x90500000        0xc
 *(.cymeta)
 .cymeta        0x90500000        0xc .\CortexM0\ARM_GCC_493\Debug\cymetadata.o
                0x90500000                cy_metadata

.cychipprotect  0x90600000        0x4
 *(.cychipprotect)
 .cychipprotect
                0x90600000        0x4 .\CortexM0\ARM_GCC_493\Debug\cymetadata.o
                0x90600000                cy_meta_chipprotect

.rel.dyn        0x00004428        0x0 load address 0x90600004
 .rel.iplt      0x00000000        0x0 c:/program files (x86)/cypress/psoc creator/3.3/psoc creator/import/gnu/arm/4.9.3/bin/../lib/gcc/arm-none-eabi/4.9.3/armv6-m/crtbegin.o

.stab
 *(.stab)

.stabstr
 *(.stabstr)

.debug
 *(.debug)

.line
 *(.line)

.debug_srcinfo
 *(.debug_srcinfo)

.debug_sfnames
 *(.debug_sfnames)

.debug_aranges  0x00000000      0xc90
 *(.debug_aranges)
 .debug_aranges
                0x00000000       0x88 .\CortexM0\ARM_GCC_493\Debug\main.o
 .debug_aranges
                0x00000088       0x18 .\CortexM0\ARM_GCC_493\Debug\cymetadata.o
 .debug_aranges
                0x000000a0       0x48 .\CortexM0\ARM_GCC_493\Debug\Cm0Start.o
 .debug_aranges
                0x000000e8       0x50 .\CortexM0\ARM_GCC_493\Debug\WeatherStation.a(cyfitter_cfg.o)
 .debug_aranges
                0x00000138      0x178 .\CortexM0\ARM_GCC_493\Debug\WeatherStation.a(CyLib.o)
 .debug_aranges
                0x000002b0      0x138 .\CortexM0\ARM_GCC_493\Debug\WeatherStation.a(CyLFClk.o)
 .debug_aranges
                0x000003e8       0x68 .\CortexM0\ARM_GCC_493\Debug\WeatherStation.a(I2C.o)
 .debug_aranges
                0x00000450       0x28 .\CortexM0\ARM_GCC_493\Debug\WeatherStation.a(I2C_I2C.o)
 .debug_aranges
                0x00000478       0x88 .\CortexM0\ARM_GCC_493\Debug\WeatherStation.a(I2C_I2C_MASTER.o)
 .debug_aranges
                0x00000500       0xf0 .\CortexM0\ARM_GCC_493\Debug\WeatherStation.a(UART.o)
 .debug_aranges
                0x000005f0       0x48 .\CortexM0\ARM_GCC_493\Debug\WeatherStation.a(I2C_sda.o)
 .debug_aranges
                0x00000638       0x48 .\CortexM0\ARM_GCC_493\Debug\WeatherStation.a(I2C_scl.o)
 .debug_aranges
                0x00000680       0x48 .\CortexM0\ARM_GCC_493\Debug\WeatherStation.a(HUM.o)
 .debug_aranges
                0x000006c8      0x158 .\CortexM0\ARM_GCC_493\Debug\WeatherStation.a(Timeout.o)
 .debug_aranges
                0x00000820       0x80 .\CortexM0\ARM_GCC_493\Debug\WeatherStation.a(isr_Timeout.o)
 .debug_aranges
                0x000008a0       0x40 .\CortexM0\ARM_GCC_493\Debug\WeatherStation.a(UART_IntClock.o)
 .debug_aranges
                0x000008e0       0x48 .\CortexM0\ARM_GCC_493\Debug\WeatherStation.a(LED_R.o)
 .debug_aranges
                0x00000928       0x48 .\CortexM0\ARM_GCC_493\Debug\WeatherStation.a(LED_G.o)
 .debug_aranges
                0x00000970       0x48 .\CortexM0\ARM_GCC_493\Debug\WeatherStation.a(LED_B.o)
 .debug_aranges
                0x000009b8       0x40 .\CortexM0\ARM_GCC_493\Debug\WeatherStation.a(ClockTO.o)
 .debug_aranges
                0x000009f8       0x48 .\CortexM0\ARM_GCC_493\Debug\WeatherStation.a(PinWindCE.o)
 .debug_aranges
                0x00000a40       0x48 .\CortexM0\ARM_GCC_493\Debug\WeatherStation.a(PinWindRX.o)
 .debug_aranges
                0x00000a88       0xa8 .\CortexM0\ARM_GCC_493\Debug\WeatherStation.a(ADC.o)
 .debug_aranges
                0x00000b30       0x20 .\CortexM0\ARM_GCC_493\Debug\WeatherStation.a(ADC_INT.o)
 .debug_aranges
                0x00000b50       0x80 .\CortexM0\ARM_GCC_493\Debug\WeatherStation.a(ADC_IRQ.o)
 .debug_aranges
                0x00000bd0       0x80 .\CortexM0\ARM_GCC_493\Debug\WeatherStation.a(isr_Rain.o)
 .debug_aranges
                0x00000c50       0x20 .\CortexM0\ARM_GCC_493\Debug\WeatherStation.a(CyBootAsmGnu.o)
 .debug_aranges
                0x00000c70       0x20 .\CortexM0\ARM_GCC_493\Debug\WeatherStation.a(I2C_I2C_INT.o)

.debug_pubnames
 *(.debug_pubnames)

.debug_info     0x00000000     0x76c4
 *(.debug_info .gnu.linkonce.wi.*)
 .debug_info    0x00000000     0x19eb .\CortexM0\ARM_GCC_493\Debug\main.o
 .debug_info    0x000019eb       0xfe .\CortexM0\ARM_GCC_493\Debug\cymetadata.o
 .debug_info    0x00001ae9      0x38c .\CortexM0\ARM_GCC_493\Debug\Cm0Start.o
 .debug_info    0x00001e75      0x5aa .\CortexM0\ARM_GCC_493\Debug\WeatherStation.a(cyfitter_cfg.o)
 .debug_info    0x0000241f      0xad1 .\CortexM0\ARM_GCC_493\Debug\WeatherStation.a(CyLib.o)
 .debug_info    0x00002ef0      0xcfc .\CortexM0\ARM_GCC_493\Debug\WeatherStation.a(CyLFClk.o)
 .debug_info    0x00003bec      0x2a9 .\CortexM0\ARM_GCC_493\Debug\WeatherStation.a(I2C.o)
 .debug_info    0x00003e95      0x1ab .\CortexM0\ARM_GCC_493\Debug\WeatherStation.a(I2C_I2C.o)
 .debug_info    0x00004040      0x685 .\CortexM0\ARM_GCC_493\Debug\WeatherStation.a(I2C_I2C_MASTER.o)
 .debug_info    0x000046c5      0x601 .\CortexM0\ARM_GCC_493\Debug\WeatherStation.a(UART.o)
 .debug_info    0x00004cc6      0x19d .\CortexM0\ARM_GCC_493\Debug\WeatherStation.a(I2C_sda.o)
 .debug_info    0x00004e63      0x19b .\CortexM0\ARM_GCC_493\Debug\WeatherStation.a(I2C_scl.o)
 .debug_info    0x00004ffe      0x19b .\CortexM0\ARM_GCC_493\Debug\WeatherStation.a(HUM.o)
 .debug_info    0x00005199      0x906 .\CortexM0\ARM_GCC_493\Debug\WeatherStation.a(Timeout.o)
 .debug_info    0x00005a9f      0x300 .\CortexM0\ARM_GCC_493\Debug\WeatherStation.a(isr_Timeout.o)
 .debug_info    0x00005d9f      0x14e .\CortexM0\ARM_GCC_493\Debug\WeatherStation.a(UART_IntClock.o)
 .debug_info    0x00005eed      0x19d .\CortexM0\ARM_GCC_493\Debug\WeatherStation.a(LED_R.o)
 .debug_info    0x0000608a      0x19d .\CortexM0\ARM_GCC_493\Debug\WeatherStation.a(LED_G.o)
 .debug_info    0x00006227      0x19d .\CortexM0\ARM_GCC_493\Debug\WeatherStation.a(LED_B.o)
 .debug_info    0x000063c4      0x14e .\CortexM0\ARM_GCC_493\Debug\WeatherStation.a(ClockTO.o)
 .debug_info    0x00006512      0x19d .\CortexM0\ARM_GCC_493\Debug\WeatherStation.a(PinWindCE.o)
 .debug_info    0x000066af      0x19b .\CortexM0\ARM_GCC_493\Debug\WeatherStation.a(PinWindRX.o)
 .debug_info    0x0000684a      0x598 .\CortexM0\ARM_GCC_493\Debug\WeatherStation.a(ADC.o)
 .debug_info    0x00006de2       0xc4 .\CortexM0\ARM_GCC_493\Debug\WeatherStation.a(ADC_INT.o)
 .debug_info    0x00006ea6      0x300 .\CortexM0\ARM_GCC_493\Debug\WeatherStation.a(ADC_IRQ.o)
 .debug_info    0x000071a6      0x300 .\CortexM0\ARM_GCC_493\Debug\WeatherStation.a(isr_Rain.o)
 .debug_info    0x000074a6       0x91 .\CortexM0\ARM_GCC_493\Debug\WeatherStation.a(CyBootAsmGnu.o)
 .debug_info    0x00007537      0x18d .\CortexM0\ARM_GCC_493\Debug\WeatherStation.a(I2C_I2C_INT.o)

.debug_abbrev   0x00000000     0x224c
 *(.debug_abbrev)
 .debug_abbrev  0x00000000      0x345 .\CortexM0\ARM_GCC_493\Debug\main.o
 .debug_abbrev  0x00000345       0x5d .\CortexM0\ARM_GCC_493\Debug\cymetadata.o
 .debug_abbrev  0x000003a2      0x1fe .\CortexM0\ARM_GCC_493\Debug\Cm0Start.o
 .debug_abbrev  0x000005a0      0x237 .\CortexM0\ARM_GCC_493\Debug\WeatherStation.a(cyfitter_cfg.o)
 .debug_abbrev  0x000007d7      0x20d .\CortexM0\ARM_GCC_493\Debug\WeatherStation.a(CyLib.o)
 .debug_abbrev  0x000009e4      0x23b .\CortexM0\ARM_GCC_493\Debug\WeatherStation.a(CyLFClk.o)
 .debug_abbrev  0x00000c1f      0x15b .\CortexM0\ARM_GCC_493\Debug\WeatherStation.a(I2C.o)
 .debug_abbrev  0x00000d7a       0xf3 .\CortexM0\ARM_GCC_493\Debug\WeatherStation.a(I2C_I2C.o)
 .debug_abbrev  0x00000e6d      0x17c .\CortexM0\ARM_GCC_493\Debug\WeatherStation.a(I2C_I2C_MASTER.o)
 .debug_abbrev  0x00000fe9      0x1a2 .\CortexM0\ARM_GCC_493\Debug\WeatherStation.a(UART.o)
 .debug_abbrev  0x0000118b       0xc8 .\CortexM0\ARM_GCC_493\Debug\WeatherStation.a(I2C_sda.o)
 .debug_abbrev  0x00001253       0xc8 .\CortexM0\ARM_GCC_493\Debug\WeatherStation.a(I2C_scl.o)
 .debug_abbrev  0x0000131b       0xc8 .\CortexM0\ARM_GCC_493\Debug\WeatherStation.a(HUM.o)
 .debug_abbrev  0x000013e3      0x133 .\CortexM0\ARM_GCC_493\Debug\WeatherStation.a(Timeout.o)
 .debug_abbrev  0x00001516      0x1b4 .\CortexM0\ARM_GCC_493\Debug\WeatherStation.a(isr_Timeout.o)
 .debug_abbrev  0x000016ca       0xb7 .\CortexM0\ARM_GCC_493\Debug\WeatherStation.a(UART_IntClock.o)
 .debug_abbrev  0x00001781       0xc8 .\CortexM0\ARM_GCC_493\Debug\WeatherStation.a(LED_R.o)
 .debug_abbrev  0x00001849       0xc8 .\CortexM0\ARM_GCC_493\Debug\WeatherStation.a(LED_G.o)
 .debug_abbrev  0x00001911       0xc8 .\CortexM0\ARM_GCC_493\Debug\WeatherStation.a(LED_B.o)
 .debug_abbrev  0x000019d9       0xb7 .\CortexM0\ARM_GCC_493\Debug\WeatherStation.a(ClockTO.o)
 .debug_abbrev  0x00001a90       0xc8 .\CortexM0\ARM_GCC_493\Debug\WeatherStation.a(PinWindCE.o)
 .debug_abbrev  0x00001b58       0xc8 .\CortexM0\ARM_GCC_493\Debug\WeatherStation.a(PinWindRX.o)
 .debug_abbrev  0x00001c20      0x1c3 .\CortexM0\ARM_GCC_493\Debug\WeatherStation.a(ADC.o)
 .debug_abbrev  0x00001de3       0x65 .\CortexM0\ARM_GCC_493\Debug\WeatherStation.a(ADC_INT.o)
 .debug_abbrev  0x00001e48      0x1b4 .\CortexM0\ARM_GCC_493\Debug\WeatherStation.a(ADC_IRQ.o)
 .debug_abbrev  0x00001ffc      0x1b4 .\CortexM0\ARM_GCC_493\Debug\WeatherStation.a(isr_Rain.o)
 .debug_abbrev  0x000021b0       0x14 .\CortexM0\ARM_GCC_493\Debug\WeatherStation.a(CyBootAsmGnu.o)
 .debug_abbrev  0x000021c4       0x88 .\CortexM0\ARM_GCC_493\Debug\WeatherStation.a(I2C_I2C_INT.o)

.debug_line     0x00000000     0x2f19
 *(.debug_line)
 .debug_line    0x00000000      0x60d .\CortexM0\ARM_GCC_493\Debug\main.o
 .debug_line    0x0000060d       0x53 .\CortexM0\ARM_GCC_493\Debug\cymetadata.o
 .debug_line    0x00000660      0x248 .\CortexM0\ARM_GCC_493\Debug\Cm0Start.o
 .debug_line    0x000008a8      0x1d7 .\CortexM0\ARM_GCC_493\Debug\WeatherStation.a(cyfitter_cfg.o)
 .debug_line    0x00000a7f      0x44b .\CortexM0\ARM_GCC_493\Debug\WeatherStation.a(CyLib.o)
 .debug_line    0x00000eca      0x469 .\CortexM0\ARM_GCC_493\Debug\WeatherStation.a(CyLFClk.o)
 .debug_line    0x00001333      0x15c .\CortexM0\ARM_GCC_493\Debug\WeatherStation.a(I2C.o)
 .debug_line    0x0000148f       0xbd .\CortexM0\ARM_GCC_493\Debug\WeatherStation.a(I2C_I2C.o)
 .debug_line    0x0000154c      0x2d1 .\CortexM0\ARM_GCC_493\Debug\WeatherStation.a(I2C_I2C_MASTER.o)
 .debug_line    0x0000181d      0x2e0 .\CortexM0\ARM_GCC_493\Debug\WeatherStation.a(UART.o)
 .debug_line    0x00001afd       0xc1 .\CortexM0\ARM_GCC_493\Debug\WeatherStation.a(I2C_sda.o)
 .debug_line    0x00001bbe       0xc0 .\CortexM0\ARM_GCC_493\Debug\WeatherStation.a(I2C_scl.o)
 .debug_line    0x00001c7e       0xbc .\CortexM0\ARM_GCC_493\Debug\WeatherStation.a(HUM.o)
 .debug_line    0x00001d3a      0x37e .\CortexM0\ARM_GCC_493\Debug\WeatherStation.a(Timeout.o)
 .debug_line    0x000020b8      0x170 .\CortexM0\ARM_GCC_493\Debug\WeatherStation.a(isr_Timeout.o)
 .debug_line    0x00002228       0xcc .\CortexM0\ARM_GCC_493\Debug\WeatherStation.a(UART_IntClock.o)
 .debug_line    0x000022f4       0xbf .\CortexM0\ARM_GCC_493\Debug\WeatherStation.a(LED_R.o)
 .debug_line    0x000023b3       0xbf .\CortexM0\ARM_GCC_493\Debug\WeatherStation.a(LED_G.o)
 .debug_line    0x00002472       0xbf .\CortexM0\ARM_GCC_493\Debug\WeatherStation.a(LED_B.o)
 .debug_line    0x00002531       0xc6 .\CortexM0\ARM_GCC_493\Debug\WeatherStation.a(ClockTO.o)
 .debug_line    0x000025f7       0xc3 .\CortexM0\ARM_GCC_493\Debug\WeatherStation.a(PinWindCE.o)
 .debug_line    0x000026ba       0xc2 .\CortexM0\ARM_GCC_493\Debug\WeatherStation.a(PinWindRX.o)
 .debug_line    0x0000277c      0x279 .\CortexM0\ARM_GCC_493\Debug\WeatherStation.a(ADC.o)
 .debug_line    0x000029f5       0x64 .\CortexM0\ARM_GCC_493\Debug\WeatherStation.a(ADC_INT.o)
 .debug_line    0x00002a59      0x16c .\CortexM0\ARM_GCC_493\Debug\WeatherStation.a(ADC_IRQ.o)
 .debug_line    0x00002bc5      0x169 .\CortexM0\ARM_GCC_493\Debug\WeatherStation.a(isr_Rain.o)
 .debug_line    0x00002d2e       0x6b .\CortexM0\ARM_GCC_493\Debug\WeatherStation.a(CyBootAsmGnu.o)
 .debug_line    0x00002d99      0x180 .\CortexM0\ARM_GCC_493\Debug\WeatherStation.a(I2C_I2C_INT.o)

.debug_frame    0x00000000     0x2408
 *(.debug_frame)
 .debug_frame   0x00000000      0x1d0 .\CortexM0\ARM_GCC_493\Debug\main.o
 .debug_frame   0x000001d0       0xb0 .\CortexM0\ARM_GCC_493\Debug\Cm0Start.o
 .debug_frame   0x00000280       0xd8 .\CortexM0\ARM_GCC_493\Debug\WeatherStation.a(cyfitter_cfg.o)
 .debug_frame   0x00000358      0x3d0 .\CortexM0\ARM_GCC_493\Debug\WeatherStation.a(CyLib.o)
 .debug_frame   0x00000728      0x3a8 .\CortexM0\ARM_GCC_493\Debug\WeatherStation.a(CyLFClk.o)
 .debug_frame   0x00000ad0       0xf8 .\CortexM0\ARM_GCC_493\Debug\WeatherStation.a(I2C.o)
 .debug_frame   0x00000bc8       0x3c .\CortexM0\ARM_GCC_493\Debug\WeatherStation.a(I2C_I2C.o)
 .debug_frame   0x00000c04      0x178 .\CortexM0\ARM_GCC_493\Debug\WeatherStation.a(I2C_I2C_MASTER.o)
 .debug_frame   0x00000d7c      0x234 .\CortexM0\ARM_GCC_493\Debug\WeatherStation.a(UART.o)
 .debug_frame   0x00000fb0       0x70 .\CortexM0\ARM_GCC_493\Debug\WeatherStation.a(I2C_sda.o)
 .debug_frame   0x00001020       0x70 .\CortexM0\ARM_GCC_493\Debug\WeatherStation.a(I2C_scl.o)
 .debug_frame   0x00001090       0x70 .\CortexM0\ARM_GCC_493\Debug\WeatherStation.a(HUM.o)
 .debug_frame   0x00001100      0x390 .\CortexM0\ARM_GCC_493\Debug\WeatherStation.a(Timeout.o)
 .debug_frame   0x00001490      0x110 .\CortexM0\ARM_GCC_493\Debug\WeatherStation.a(isr_Timeout.o)
 .debug_frame   0x000015a0       0x60 .\CortexM0\ARM_GCC_493\Debug\WeatherStation.a(UART_IntClock.o)
 .debug_frame   0x00001600       0x70 .\CortexM0\ARM_GCC_493\Debug\WeatherStation.a(LED_R.o)
 .debug_frame   0x00001670       0x70 .\CortexM0\ARM_GCC_493\Debug\WeatherStation.a(LED_G.o)
 .debug_frame   0x000016e0       0x70 .\CortexM0\ARM_GCC_493\Debug\WeatherStation.a(LED_B.o)
 .debug_frame   0x00001750       0x60 .\CortexM0\ARM_GCC_493\Debug\WeatherStation.a(ClockTO.o)
 .debug_frame   0x000017b0       0x70 .\CortexM0\ARM_GCC_493\Debug\WeatherStation.a(PinWindCE.o)
 .debug_frame   0x00001820       0x70 .\CortexM0\ARM_GCC_493\Debug\WeatherStation.a(PinWindRX.o)
 .debug_frame   0x00001890      0x1b0 .\CortexM0\ARM_GCC_493\Debug\WeatherStation.a(ADC.o)
 .debug_frame   0x00001a40       0x20 .\CortexM0\ARM_GCC_493\Debug\WeatherStation.a(ADC_INT.o)
 .debug_frame   0x00001a60      0x110 .\CortexM0\ARM_GCC_493\Debug\WeatherStation.a(ADC_IRQ.o)
 .debug_frame   0x00001b70      0x110 .\CortexM0\ARM_GCC_493\Debug\WeatherStation.a(isr_Rain.o)
 .debug_frame   0x00001c80       0x2c .\CortexM0\ARM_GCC_493\Debug\WeatherStation.a(I2C_I2C_INT.o)
 .debug_frame   0x00001cac       0x20 c:/program files (x86)/cypress/psoc creator/3.3/psoc creator/import/gnu/arm/4.9.3/bin/../lib/gcc/arm-none-eabi/4.9.3/armv6-m\libgcc.a(_udivsi3.o)
 .debug_frame   0x00001ccc       0x20 c:/program files (x86)/cypress/psoc creator/3.3/psoc creator/import/gnu/arm/4.9.3/bin/../lib/gcc/arm-none-eabi/4.9.3/armv6-m\libgcc.a(_divsi3.o)
 .debug_frame   0x00001cec       0x34 c:/program files (x86)/cypress/psoc creator/3.3/psoc creator/import/gnu/arm/4.9.3/bin/../lib/gcc/arm-none-eabi/4.9.3/armv6-m\libgcc.a(_muldi3.o)
 .debug_frame   0x00001d20       0x2c c:/program files (x86)/cypress/psoc creator/3.3/psoc creator/import/gnu/arm/4.9.3/bin/../lib/gcc/arm-none-eabi/4.9.3/armv6-m\libgcc.a(_fixunsdfsi.o)
 .debug_frame   0x00001d4c       0x50 c:/program files (x86)/cypress/psoc creator/3.3/psoc creator/import/gnu/arm/4.9.3/bin/../lib/gcc/arm-none-eabi/4.9.3/armv6-m\libgcc.a(bpabi.o)
 .debug_frame   0x00001d9c       0x3c c:/program files (x86)/cypress/psoc creator/3.3/psoc creator/import/gnu/arm/4.9.3/bin/../lib/gcc/arm-none-eabi/4.9.3/armv6-m\libgcc.a(divsf3.o)
 .debug_frame   0x00001dd8       0x3c c:/program files (x86)/cypress/psoc creator/3.3/psoc creator/import/gnu/arm/4.9.3/bin/../lib/gcc/arm-none-eabi/4.9.3/armv6-m\libgcc.a(mulsf3.o)
 .debug_frame   0x00001e14       0x2c c:/program files (x86)/cypress/psoc creator/3.3/psoc creator/import/gnu/arm/4.9.3/bin/../lib/gcc/arm-none-eabi/4.9.3/armv6-m\libgcc.a(floatsisf.o)
 .debug_frame   0x00001e40       0x3c c:/program files (x86)/cypress/psoc creator/3.3/psoc creator/import/gnu/arm/4.9.3/bin/../lib/gcc/arm-none-eabi/4.9.3/armv6-m\libgcc.a(muldf3.o)
 .debug_frame   0x00001e7c       0x3c c:/program files (x86)/cypress/psoc creator/3.3/psoc creator/import/gnu/arm/4.9.3/bin/../lib/gcc/arm-none-eabi/4.9.3/armv6-m\libgcc.a(subdf3.o)
 .debug_frame   0x00001eb8       0x2c c:/program files (x86)/cypress/psoc creator/3.3/psoc creator/import/gnu/arm/4.9.3/bin/../lib/gcc/arm-none-eabi/4.9.3/armv6-m\libgcc.a(fixdfsi.o)
 .debug_frame   0x00001ee4       0x2c c:/program files (x86)/cypress/psoc creator/3.3/psoc creator/import/gnu/arm/4.9.3/bin/../lib/gcc/arm-none-eabi/4.9.3/armv6-m\libgcc.a(floatsidf.o)
 .debug_frame   0x00001f10       0x3c c:/program files (x86)/cypress/psoc creator/3.3/psoc creator/import/gnu/arm/4.9.3/bin/../lib/gcc/arm-none-eabi/4.9.3/armv6-m\libgcc.a(_divdi3.o)
 .debug_frame   0x00001f4c       0x3c c:/program files (x86)/cypress/psoc creator/3.3/psoc creator/import/gnu/arm/4.9.3/bin/../lib/gcc/arm-none-eabi/4.9.3/armv6-m\libgcc.a(_udivdi3.o)
 .debug_frame   0x00001f88       0x38 c:/program files (x86)/cypress/psoc creator/3.3/psoc creator/import/gnu/arm/4.9.3/bin/../lib/gcc/arm-none-eabi/4.9.3/armv6-m\libgcc.a(eqdf2.o)
 .debug_frame   0x00001fc0       0x38 c:/program files (x86)/cypress/psoc creator/3.3/psoc creator/import/gnu/arm/4.9.3/bin/../lib/gcc/arm-none-eabi/4.9.3/armv6-m\libgcc.a(gedf2.o)
 .debug_frame   0x00001ff8       0x38 c:/program files (x86)/cypress/psoc creator/3.3/psoc creator/import/gnu/arm/4.9.3/bin/../lib/gcc/arm-none-eabi/4.9.3/armv6-m\libgcc.a(ledf2.o)
 .debug_frame   0x00002030       0x20 c:/program files (x86)/cypress/psoc creator/3.3/psoc creator/import/gnu/arm/4.9.3/bin/../lib/gcc/arm-none-eabi/4.9.3/../../../../arm-none-eabi/lib/armv6-m\libg_nano.a(lib_a-errno.o)
 .debug_frame   0x00002050       0x28 c:/program files (x86)/cypress/psoc creator/3.3/psoc creator/import/gnu/arm/4.9.3/bin/../lib/gcc/arm-none-eabi/4.9.3/../../../../arm-none-eabi/lib/armv6-m\libg_nano.a(lib_a-exit.o)
 .debug_frame   0x00002078       0x2c c:/program files (x86)/cypress/psoc creator/3.3/psoc creator/import/gnu/arm/4.9.3/bin/../lib/gcc/arm-none-eabi/4.9.3/../../../../arm-none-eabi/lib/armv6-m\libg_nano.a(lib_a-init.o)
 .debug_frame   0x000020a4       0x28 c:/program files (x86)/cypress/psoc creator/3.3/psoc creator/import/gnu/arm/4.9.3/bin/../lib/gcc/arm-none-eabi/4.9.3/../../../../arm-none-eabi/lib/armv6-m\libg_nano.a(lib_a-memcpy.o)
 .debug_frame   0x000020cc       0x20 c:/program files (x86)/cypress/psoc creator/3.3/psoc creator/import/gnu/arm/4.9.3/bin/../lib/gcc/arm-none-eabi/4.9.3/../../../../arm-none-eabi/lib/armv6-m\libg_nano.a(lib_a-memset.o)
 .debug_frame   0x000020ec       0x50 c:/program files (x86)/cypress/psoc creator/3.3/psoc creator/import/gnu/arm/4.9.3/bin/../lib/gcc/arm-none-eabi/4.9.3/../../../../arm-none-eabi/lib/armv6-m\libg_nano.a(lib_a-sprintf.o)
 .debug_frame   0x0000213c       0x28 c:/program files (x86)/cypress/psoc creator/3.3/psoc creator/import/gnu/arm/4.9.3/bin/../lib/gcc/arm-none-eabi/4.9.3/../../../../arm-none-eabi/lib/armv6-m\libg_nano.a(lib_a-strcat.o)
 .debug_frame   0x00002164       0x20 c:/program files (x86)/cypress/psoc creator/3.3/psoc creator/import/gnu/arm/4.9.3/bin/../lib/gcc/arm-none-eabi/4.9.3/../../../../arm-none-eabi/lib/armv6-m\libg_nano.a(lib_a-strlen.o)
 .debug_frame   0x00002184       0x2c c:/program files (x86)/cypress/psoc creator/3.3/psoc creator/import/gnu/arm/4.9.3/bin/../lib/gcc/arm-none-eabi/4.9.3/../../../../arm-none-eabi/lib/armv6-m\libg_nano.a(lib_a-strncmp.o)
 .debug_frame   0x000021b0       0x2c c:/program files (x86)/cypress/psoc creator/3.3/psoc creator/import/gnu/arm/4.9.3/bin/../lib/gcc/arm-none-eabi/4.9.3/../../../../arm-none-eabi/lib/armv6-m\libg_nano.a(lib_a-strncpy.o)
 .debug_frame   0x000021dc       0x74 c:/program files (x86)/cypress/psoc creator/3.3/psoc creator/import/gnu/arm/4.9.3/bin/../lib/gcc/arm-none-eabi/4.9.3/../../../../arm-none-eabi/lib/armv6-m\libg_nano.a(lib_a-nano-svfprintf.o)
 .debug_frame   0x00002250       0x54 c:/program files (x86)/cypress/psoc creator/3.3/psoc creator/import/gnu/arm/4.9.3/bin/../lib/gcc/arm-none-eabi/4.9.3/../../../../arm-none-eabi/lib/armv6-m\libg_nano.a(lib_a-nano-vfprintf_i.o)
 .debug_frame   0x000022a4       0x20 c:/program files (x86)/cypress/psoc creator/3.3/psoc creator/import/gnu/arm/4.9.3/bin/../lib/gcc/arm-none-eabi/4.9.3/../../../../arm-none-eabi/lib/armv6-m\libg_nano.a(lib_a-memchr.o)
 .debug_frame   0x000022c4       0x28 c:/program files (x86)/cypress/psoc creator/3.3/psoc creator/import/gnu/arm/4.9.3/bin/../lib/gcc/arm-none-eabi/4.9.3/../../../../arm-none-eabi/lib/armv6-m\libg_nano.a(lib_a-memmove.o)
 .debug_frame   0x000022ec       0x2c c:/program files (x86)/cypress/psoc creator/3.3/psoc creator/import/gnu/arm/4.9.3/bin/../lib/gcc/arm-none-eabi/4.9.3/../../../../arm-none-eabi/lib/armv6-m\libg_nano.a(lib_a-nano-freer.o)
 .debug_frame   0x00002318       0x2c c:/program files (x86)/cypress/psoc creator/3.3/psoc creator/import/gnu/arm/4.9.3/bin/../lib/gcc/arm-none-eabi/4.9.3/../../../../arm-none-eabi/lib/armv6-m\libg_nano.a(lib_a-nano-mallocr.o)
 .debug_frame   0x00002344       0x30 c:/program files (x86)/cypress/psoc creator/3.3/psoc creator/import/gnu/arm/4.9.3/bin/../lib/gcc/arm-none-eabi/4.9.3/../../../../arm-none-eabi/lib/armv6-m\libg_nano.a(lib_a-nano-reallocr.o)
 .debug_frame   0x00002374       0x2c c:/program files (x86)/cypress/psoc creator/3.3/psoc creator/import/gnu/arm/4.9.3/bin/../lib/gcc/arm-none-eabi/4.9.3/../../../../arm-none-eabi/lib/armv6-m\libg_nano.a(lib_a-sbrkr.o)
 .debug_frame   0x000023a0       0x20 c:/program files (x86)/cypress/psoc creator/3.3/psoc creator/import/gnu/arm/4.9.3/bin/../lib/gcc/arm-none-eabi/4.9.3/../../../../arm-none-eabi/lib/armv6-m\libg_nano.a(lib_a-nano-msizer.o)
 .debug_frame   0x000023c0       0x48 c:/program files (x86)/cypress/psoc creator/3.3/psoc creator/import/gnu/arm/4.9.3/bin/../lib/gcc/arm-none-eabi/4.9.3/../../../../arm-none-eabi/lib/armv6-m\libg_nano.a(lib_a-reent.o)

.debug_str      0x00000000     0x26d1
 *(.debug_str)
 .debug_str     0x00000000      0x5fe .\CortexM0\ARM_GCC_493\Debug\main.o
                                0x66b (size before relaxing)
 .debug_str     0x000005fe       0x5b .\CortexM0\ARM_GCC_493\Debug\cymetadata.o
                                0x1cf (size before relaxing)
 .debug_str     0x00000659      0x148 .\CortexM0\ARM_GCC_493\Debug\Cm0Start.o
                                0x2f6 (size before relaxing)
 .debug_str     0x000007a1      0x181 .\CortexM0\ARM_GCC_493\Debug\WeatherStation.a(cyfitter_cfg.o)
                                0x36e (size before relaxing)
 .debug_str     0x00000922      0x49e .\CortexM0\ARM_GCC_493\Debug\WeatherStation.a(CyLib.o)
                                0x68a (size before relaxing)
 .debug_str     0x00000dc0      0x52a .\CortexM0\ARM_GCC_493\Debug\WeatherStation.a(CyLFClk.o)
                                0x732 (size before relaxing)
 .debug_str     0x000012ea      0x118 .\CortexM0\ARM_GCC_493\Debug\WeatherStation.a(I2C.o)
                                0x2ce (size before relaxing)
 .debug_str     0x00001402       0x62 .\CortexM0\ARM_GCC_493\Debug\WeatherStation.a(I2C_I2C.o)
                                0x23c (size before relaxing)
 .debug_str     0x00001464      0x1c8 .\CortexM0\ARM_GCC_493\Debug\WeatherStation.a(I2C_I2C_MASTER.o)
                                0x44a (size before relaxing)
 .debug_str     0x0000162c      0x269 .\CortexM0\ARM_GCC_493\Debug\WeatherStation.a(UART.o)
                                0x46a (size before relaxing)
 .debug_str     0x00001895       0xae .\CortexM0\ARM_GCC_493\Debug\WeatherStation.a(I2C_sda.o)
                                0x245 (size before relaxing)
 .debug_str     0x00001943       0x7c .\CortexM0\ARM_GCC_493\Debug\WeatherStation.a(I2C_scl.o)
                                0x245 (size before relaxing)
 .debug_str     0x000019bf       0x68 .\CortexM0\ARM_GCC_493\Debug\WeatherStation.a(HUM.o)
                                0x229 (size before relaxing)
 .debug_str     0x00001a27      0x3c0 .\CortexM0\ARM_GCC_493\Debug\WeatherStation.a(Timeout.o)
                                0x5fa (size before relaxing)
 .debug_str     0x00001de7      0x137 .\CortexM0\ARM_GCC_493\Debug\WeatherStation.a(isr_Timeout.o)
                                0x333 (size before relaxing)
 .debug_str     0x00001f1e       0xc8 .\CortexM0\ARM_GCC_493\Debug\WeatherStation.a(UART_IntClock.o)
                                0x26e (size before relaxing)
 .debug_str     0x00001fe6       0x7d .\CortexM0\ARM_GCC_493\Debug\WeatherStation.a(LED_R.o)
                                0x237 (size before relaxing)
 .debug_str     0x00002063       0x7d .\CortexM0\ARM_GCC_493\Debug\WeatherStation.a(LED_G.o)
                                0x237 (size before relaxing)
 .debug_str     0x000020e0       0x7d .\CortexM0\ARM_GCC_493\Debug\WeatherStation.a(LED_B.o)
                                0x237 (size before relaxing)
 .debug_str     0x0000215d       0x63 .\CortexM0\ARM_GCC_493\Debug\WeatherStation.a(ClockTO.o)
                                0x24a (size before relaxing)
 .debug_str     0x000021c0       0x95 .\CortexM0\ARM_GCC_493\Debug\WeatherStation.a(PinWindCE.o)
                                0x253 (size before relaxing)
 .debug_str     0x00002255       0x96 .\CortexM0\ARM_GCC_493\Debug\WeatherStation.a(PinWindRX.o)
                                0x253 (size before relaxing)
 .debug_str     0x000022eb      0x171 .\CortexM0\ARM_GCC_493\Debug\WeatherStation.a(ADC.o)
                                0x3c6 (size before relaxing)
 .debug_str     0x0000245c       0x37 .\CortexM0\ARM_GCC_493\Debug\WeatherStation.a(ADC_INT.o)
                                0x1b2 (size before relaxing)
 .debug_str     0x00002493       0xf4 .\CortexM0\ARM_GCC_493\Debug\WeatherStation.a(ADC_IRQ.o)
                                0x2fb (size before relaxing)
 .debug_str     0x00002587      0x101 .\CortexM0\ARM_GCC_493\Debug\WeatherStation.a(isr_Rain.o)
                                0x309 (size before relaxing)
 .debug_str     0x00002688       0x49 .\CortexM0\ARM_GCC_493\Debug\WeatherStation.a(I2C_I2C_INT.o)
                                0x29f (size before relaxing)

.debug_loc      0x00000000     0x3973
 *(.debug_loc)
 .debug_loc     0x00000000      0xab6 .\CortexM0\ARM_GCC_493\Debug\main.o
 .debug_loc     0x00000ab6      0x14f .\CortexM0\ARM_GCC_493\Debug\Cm0Start.o
 .debug_loc     0x00000c05      0x21c .\CortexM0\ARM_GCC_493\Debug\WeatherStation.a(cyfitter_cfg.o)
 .debug_loc     0x00000e21      0x5b5 .\CortexM0\ARM_GCC_493\Debug\WeatherStation.a(CyLib.o)
 .debug_loc     0x000013d6      0x9d5 .\CortexM0\ARM_GCC_493\Debug\WeatherStation.a(CyLFClk.o)
 .debug_loc     0x00001dab       0x7e .\CortexM0\ARM_GCC_493\Debug\WeatherStation.a(I2C.o)
 .debug_loc     0x00001e29      0x882 .\CortexM0\ARM_GCC_493\Debug\WeatherStation.a(I2C_I2C_MASTER.o)
 .debug_loc     0x000026ab      0x24b .\CortexM0\ARM_GCC_493\Debug\WeatherStation.a(UART.o)
 .debug_loc     0x000028f6       0xa2 .\CortexM0\ARM_GCC_493\Debug\WeatherStation.a(I2C_sda.o)
 .debug_loc     0x00002998       0x81 .\CortexM0\ARM_GCC_493\Debug\WeatherStation.a(I2C_scl.o)
 .debug_loc     0x00002a19       0x81 .\CortexM0\ARM_GCC_493\Debug\WeatherStation.a(HUM.o)
 .debug_loc     0x00002a9a      0x547 .\CortexM0\ARM_GCC_493\Debug\WeatherStation.a(Timeout.o)
 .debug_loc     0x00002fe1       0x82 .\CortexM0\ARM_GCC_493\Debug\WeatherStation.a(isr_Timeout.o)
 .debug_loc     0x00003063       0x21 .\CortexM0\ARM_GCC_493\Debug\WeatherStation.a(UART_IntClock.o)
 .debug_loc     0x00003084       0xa2 .\CortexM0\ARM_GCC_493\Debug\WeatherStation.a(LED_R.o)
 .debug_loc     0x00003126       0xa2 .\CortexM0\ARM_GCC_493\Debug\WeatherStation.a(LED_G.o)
 .debug_loc     0x000031c8       0xa2 .\CortexM0\ARM_GCC_493\Debug\WeatherStation.a(LED_B.o)
 .debug_loc     0x0000326a       0x21 .\CortexM0\ARM_GCC_493\Debug\WeatherStation.a(ClockTO.o)
 .debug_loc     0x0000328b       0xa2 .\CortexM0\ARM_GCC_493\Debug\WeatherStation.a(PinWindCE.o)
 .debug_loc     0x0000332d       0x81 .\CortexM0\ARM_GCC_493\Debug\WeatherStation.a(PinWindRX.o)
 .debug_loc     0x000033ae      0x3b5 .\CortexM0\ARM_GCC_493\Debug\WeatherStation.a(ADC.o)
 .debug_loc     0x00003763       0x82 .\CortexM0\ARM_GCC_493\Debug\WeatherStation.a(ADC_IRQ.o)
 .debug_loc     0x000037e5       0x82 .\CortexM0\ARM_GCC_493\Debug\WeatherStation.a(isr_Rain.o)
 .debug_loc     0x00003867      0x10c .\CortexM0\ARM_GCC_493\Debug\WeatherStation.a(I2C_I2C_INT.o)

.debug_macinfo
 *(.debug_macinfo)

.debug_ranges   0x00000000      0xab8
 *(.debug_ranges)
 .debug_ranges  0x00000000       0x78 .\CortexM0\ARM_GCC_493\Debug\main.o
 .debug_ranges  0x00000078       0x38 .\CortexM0\ARM_GCC_493\Debug\Cm0Start.o
 .debug_ranges  0x000000b0       0x40 .\CortexM0\ARM_GCC_493\Debug\WeatherStation.a(cyfitter_cfg.o)
 .debug_ranges  0x000000f0      0x168 .\CortexM0\ARM_GCC_493\Debug\WeatherStation.a(CyLib.o)
 .debug_ranges  0x00000258      0x128 .\CortexM0\ARM_GCC_493\Debug\WeatherStation.a(CyLFClk.o)
 .debug_ranges  0x00000380       0x58 .\CortexM0\ARM_GCC_493\Debug\WeatherStation.a(I2C.o)
 .debug_ranges  0x000003d8       0x18 .\CortexM0\ARM_GCC_493\Debug\WeatherStation.a(I2C_I2C.o)
 .debug_ranges  0x000003f0       0x78 .\CortexM0\ARM_GCC_493\Debug\WeatherStation.a(I2C_I2C_MASTER.o)
 .debug_ranges  0x00000468       0xe0 .\CortexM0\ARM_GCC_493\Debug\WeatherStation.a(UART.o)
 .debug_ranges  0x00000548       0x38 .\CortexM0\ARM_GCC_493\Debug\WeatherStation.a(I2C_sda.o)
 .debug_ranges  0x00000580       0x38 .\CortexM0\ARM_GCC_493\Debug\WeatherStation.a(I2C_scl.o)
 .debug_ranges  0x000005b8       0x38 .\CortexM0\ARM_GCC_493\Debug\WeatherStation.a(HUM.o)
 .debug_ranges  0x000005f0      0x148 .\CortexM0\ARM_GCC_493\Debug\WeatherStation.a(Timeout.o)
 .debug_ranges  0x00000738       0x70 .\CortexM0\ARM_GCC_493\Debug\WeatherStation.a(isr_Timeout.o)
 .debug_ranges  0x000007a8       0x30 .\CortexM0\ARM_GCC_493\Debug\WeatherStation.a(UART_IntClock.o)
 .debug_ranges  0x000007d8       0x38 .\CortexM0\ARM_GCC_493\Debug\WeatherStation.a(LED_R.o)
 .debug_ranges  0x00000810       0x38 .\CortexM0\ARM_GCC_493\Debug\WeatherStation.a(LED_G.o)
 .debug_ranges  0x00000848       0x38 .\CortexM0\ARM_GCC_493\Debug\WeatherStation.a(LED_B.o)
 .debug_ranges  0x00000880       0x30 .\CortexM0\ARM_GCC_493\Debug\WeatherStation.a(ClockTO.o)
 .debug_ranges  0x000008b0       0x38 .\CortexM0\ARM_GCC_493\Debug\WeatherStation.a(PinWindCE.o)
 .debug_ranges  0x000008e8       0x38 .\CortexM0\ARM_GCC_493\Debug\WeatherStation.a(PinWindRX.o)
 .debug_ranges  0x00000920       0x98 .\CortexM0\ARM_GCC_493\Debug\WeatherStation.a(ADC.o)
 .debug_ranges  0x000009b8       0x10 .\CortexM0\ARM_GCC_493\Debug\WeatherStation.a(ADC_INT.o)
 .debug_ranges  0x000009c8       0x70 .\CortexM0\ARM_GCC_493\Debug\WeatherStation.a(ADC_IRQ.o)
 .debug_ranges  0x00000a38       0x70 .\CortexM0\ARM_GCC_493\Debug\WeatherStation.a(isr_Rain.o)
 .debug_ranges  0x00000aa8       0x10 .\CortexM0\ARM_GCC_493\Debug\WeatherStation.a(I2C_I2C_INT.o)

.comment        0x00000000       0x70
 .comment       0x00000000       0x70 .\CortexM0\ARM_GCC_493\Debug\main.o
                                 0x71 (size before relaxing)
 .comment       0x00000000       0x71 .\CortexM0\ARM_GCC_493\Debug\cymetadata.o
 .comment       0x00000000       0x71 .\CortexM0\ARM_GCC_493\Debug\Cm0Start.o
 .comment       0x00000000       0x71 .\CortexM0\ARM_GCC_493\Debug\WeatherStation.a(cyfitter_cfg.o)
 .comment       0x00000000       0x71 .\CortexM0\ARM_GCC_493\Debug\WeatherStation.a(CyLib.o)
 .comment       0x00000000       0x71 .\CortexM0\ARM_GCC_493\Debug\WeatherStation.a(CyLFClk.o)
 .comment       0x00000000       0x71 .\CortexM0\ARM_GCC_493\Debug\WeatherStation.a(I2C.o)
 .comment       0x00000000       0x71 .\CortexM0\ARM_GCC_493\Debug\WeatherStation.a(I2C_I2C.o)
 .comment       0x00000000       0x71 .\CortexM0\ARM_GCC_493\Debug\WeatherStation.a(I2C_I2C_MASTER.o)
 .comment       0x00000000       0x71 .\CortexM0\ARM_GCC_493\Debug\WeatherStation.a(UART.o)
 .comment       0x00000000       0x71 .\CortexM0\ARM_GCC_493\Debug\WeatherStation.a(I2C_sda.o)
 .comment       0x00000000       0x71 .\CortexM0\ARM_GCC_493\Debug\WeatherStation.a(I2C_scl.o)
 .comment       0x00000000       0x71 .\CortexM0\ARM_GCC_493\Debug\WeatherStation.a(HUM.o)
 .comment       0x00000000       0x71 .\CortexM0\ARM_GCC_493\Debug\WeatherStation.a(Timeout.o)
 .comment       0x00000000       0x71 .\CortexM0\ARM_GCC_493\Debug\WeatherStation.a(isr_Timeout.o)
 .comment       0x00000000       0x71 .\CortexM0\ARM_GCC_493\Debug\WeatherStation.a(UART_IntClock.o)
 .comment       0x00000000       0x71 .\CortexM0\ARM_GCC_493\Debug\WeatherStation.a(LED_R.o)
 .comment       0x00000000       0x71 .\CortexM0\ARM_GCC_493\Debug\WeatherStation.a(LED_G.o)
 .comment       0x00000000       0x71 .\CortexM0\ARM_GCC_493\Debug\WeatherStation.a(LED_B.o)
 .comment       0x00000000       0x71 .\CortexM0\ARM_GCC_493\Debug\WeatherStation.a(ClockTO.o)
 .comment       0x00000000       0x71 .\CortexM0\ARM_GCC_493\Debug\WeatherStation.a(PinWindCE.o)
 .comment       0x00000000       0x71 .\CortexM0\ARM_GCC_493\Debug\WeatherStation.a(PinWindRX.o)
 .comment       0x00000000       0x71 .\CortexM0\ARM_GCC_493\Debug\WeatherStation.a(ADC.o)
 .comment       0x00000000       0x71 .\CortexM0\ARM_GCC_493\Debug\WeatherStation.a(ADC_INT.o)
 .comment       0x00000000       0x71 .\CortexM0\ARM_GCC_493\Debug\WeatherStation.a(ADC_IRQ.o)
 .comment       0x00000000       0x71 .\CortexM0\ARM_GCC_493\Debug\WeatherStation.a(isr_Rain.o)
 .comment       0x00000000       0x71 .\CortexM0\ARM_GCC_493\Debug\WeatherStation.a(I2C_I2C_INT.o)

.debug_weaknames
 *(.debug_weaknames)

.debug_funcnames
 *(.debug_funcnames)

.debug_typenames
 *(.debug_typenames)

.debug_varnames
 *(.debug_varnames)

.note.gnu.arm.ident
 *(.note.gnu.arm.ident)

.ARM.attributes
                0x00000000       0x28
 *(.ARM.attributes)
 .ARM.attributes
                0x00000000       0x1e c:/program files (x86)/cypress/psoc creator/3.3/psoc creator/import/gnu/arm/4.9.3/bin/../lib/gcc/arm-none-eabi/4.9.3/armv6-m/crti.o
 .ARM.attributes
                0x0000001e       0x2c c:/program files (x86)/cypress/psoc creator/3.3/psoc creator/import/gnu/arm/4.9.3/bin/../lib/gcc/arm-none-eabi/4.9.3/armv6-m/crtbegin.o
 .ARM.attributes
                0x0000004a       0x1b c:/program files (x86)/cypress/psoc creator/3.3/psoc creator/import/gnu/arm/4.9.3/bin/../lib/gcc/arm-none-eabi/4.9.3/../../../../arm-none-eabi/lib/armv6-m/crt0.o
 .ARM.attributes
                0x00000065       0x31 .\CortexM0\ARM_GCC_493\Debug\main.o
 .ARM.attributes
                0x00000096       0x31 .\CortexM0\ARM_GCC_493\Debug\cymetadata.o
 .ARM.attributes
                0x000000c7       0x31 .\CortexM0\ARM_GCC_493\Debug\Cm0Start.o
 .ARM.attributes
                0x000000f8       0x31 .\CortexM0\ARM_GCC_493\Debug\WeatherStation.a(cyfitter_cfg.o)
 .ARM.attributes
                0x00000129       0x31 .\CortexM0\ARM_GCC_493\Debug\WeatherStation.a(CyLib.o)
 .ARM.attributes
                0x0000015a       0x31 .\CortexM0\ARM_GCC_493\Debug\WeatherStation.a(CyLFClk.o)
 .ARM.attributes
                0x0000018b       0x31 .\CortexM0\ARM_GCC_493\Debug\WeatherStation.a(I2C.o)
 .ARM.attributes
                0x000001bc       0x31 .\CortexM0\ARM_GCC_493\Debug\WeatherStation.a(I2C_I2C.o)
 .ARM.attributes
                0x000001ed       0x31 .\CortexM0\ARM_GCC_493\Debug\WeatherStation.a(I2C_I2C_MASTER.o)
 .ARM.attributes
                0x0000021e       0x31 .\CortexM0\ARM_GCC_493\Debug\WeatherStation.a(UART.o)
 .ARM.attributes
                0x0000024f       0x31 .\CortexM0\ARM_GCC_493\Debug\WeatherStation.a(I2C_sda.o)
 .ARM.attributes
                0x00000280       0x31 .\CortexM0\ARM_GCC_493\Debug\WeatherStation.a(I2C_scl.o)
 .ARM.attributes
                0x000002b1       0x31 .\CortexM0\ARM_GCC_493\Debug\WeatherStation.a(HUM.o)
 .ARM.attributes
                0x000002e2       0x31 .\CortexM0\ARM_GCC_493\Debug\WeatherStation.a(Timeout.o)
 .ARM.attributes
                0x00000313       0x31 .\CortexM0\ARM_GCC_493\Debug\WeatherStation.a(isr_Timeout.o)
 .ARM.attributes
                0x00000344       0x31 .\CortexM0\ARM_GCC_493\Debug\WeatherStation.a(UART_IntClock.o)
 .ARM.attributes
                0x00000375       0x31 .\CortexM0\ARM_GCC_493\Debug\WeatherStation.a(LED_R.o)
 .ARM.attributes
                0x000003a6       0x31 .\CortexM0\ARM_GCC_493\Debug\WeatherStation.a(LED_G.o)
 .ARM.attributes
                0x000003d7       0x31 .\CortexM0\ARM_GCC_493\Debug\WeatherStation.a(LED_B.o)
 .ARM.attributes
                0x00000408       0x31 .\CortexM0\ARM_GCC_493\Debug\WeatherStation.a(ClockTO.o)
 .ARM.attributes
                0x00000439       0x31 .\CortexM0\ARM_GCC_493\Debug\WeatherStation.a(PinWindCE.o)
 .ARM.attributes
                0x0000046a       0x31 .\CortexM0\ARM_GCC_493\Debug\WeatherStation.a(PinWindRX.o)
 .ARM.attributes
                0x0000049b       0x31 .\CortexM0\ARM_GCC_493\Debug\WeatherStation.a(ADC.o)
 .ARM.attributes
                0x000004cc       0x31 .\CortexM0\ARM_GCC_493\Debug\WeatherStation.a(ADC_INT.o)
 .ARM.attributes
                0x000004fd       0x31 .\CortexM0\ARM_GCC_493\Debug\WeatherStation.a(ADC_IRQ.o)
 .ARM.attributes
                0x0000052e       0x31 .\CortexM0\ARM_GCC_493\Debug\WeatherStation.a(isr_Rain.o)
 .ARM.attributes
                0x0000055f       0x21 .\CortexM0\ARM_GCC_493\Debug\WeatherStation.a(CyBootAsmGnu.o)
 .ARM.attributes
                0x00000580       0x31 .\CortexM0\ARM_GCC_493\Debug\WeatherStation.a(I2C_I2C_INT.o)
 .ARM.attributes
                0x000005b1       0x1e c:/program files (x86)/cypress/psoc creator/3.3/psoc creator/import/gnu/arm/4.9.3/bin/../lib/gcc/arm-none-eabi/4.9.3/armv6-m\libgcc.a(_udivsi3.o)
 .ARM.attributes
                0x000005cf       0x1e c:/program files (x86)/cypress/psoc creator/3.3/psoc creator/import/gnu/arm/4.9.3/bin/../lib/gcc/arm-none-eabi/4.9.3/armv6-m\libgcc.a(_divsi3.o)
 .ARM.attributes
                0x000005ed       0x1e c:/program files (x86)/cypress/psoc creator/3.3/psoc creator/import/gnu/arm/4.9.3/bin/../lib/gcc/arm-none-eabi/4.9.3/armv6-m\libgcc.a(_dvmd_tls.o)
 .ARM.attributes
                0x0000060b       0x1e c:/program files (x86)/cypress/psoc creator/3.3/psoc creator/import/gnu/arm/4.9.3/bin/../lib/gcc/arm-none-eabi/4.9.3/armv6-m\libgcc.a(_aeabi_ldivmod.o)
 .ARM.attributes
                0x00000629       0x2c c:/program files (x86)/cypress/psoc creator/3.3/psoc creator/import/gnu/arm/4.9.3/bin/../lib/gcc/arm-none-eabi/4.9.3/armv6-m\libgcc.a(_muldi3.o)
 .ARM.attributes
                0x00000655       0x2c c:/program files (x86)/cypress/psoc creator/3.3/psoc creator/import/gnu/arm/4.9.3/bin/../lib/gcc/arm-none-eabi/4.9.3/armv6-m\libgcc.a(_fixunsdfsi.o)
 .ARM.attributes
                0x00000681       0x2c c:/program files (x86)/cypress/psoc creator/3.3/psoc creator/import/gnu/arm/4.9.3/bin/../lib/gcc/arm-none-eabi/4.9.3/armv6-m\libgcc.a(bpabi.o)
 .ARM.attributes
                0x000006ad       0x2c c:/program files (x86)/cypress/psoc creator/3.3/psoc creator/import/gnu/arm/4.9.3/bin/../lib/gcc/arm-none-eabi/4.9.3/armv6-m\libgcc.a(divsf3.o)
 .ARM.attributes
                0x000006d9       0x2c c:/program files (x86)/cypress/psoc creator/3.3/psoc creator/import/gnu/arm/4.9.3/bin/../lib/gcc/arm-none-eabi/4.9.3/armv6-m\libgcc.a(mulsf3.o)
 .ARM.attributes
                0x00000705       0x2c c:/program files (x86)/cypress/psoc creator/3.3/psoc creator/import/gnu/arm/4.9.3/bin/../lib/gcc/arm-none-eabi/4.9.3/armv6-m\libgcc.a(floatsisf.o)
 .ARM.attributes
                0x00000731       0x2c c:/program files (x86)/cypress/psoc creator/3.3/psoc creator/import/gnu/arm/4.9.3/bin/../lib/gcc/arm-none-eabi/4.9.3/armv6-m\libgcc.a(muldf3.o)
 .ARM.attributes
                0x0000075d       0x2c c:/program files (x86)/cypress/psoc creator/3.3/psoc creator/import/gnu/arm/4.9.3/bin/../lib/gcc/arm-none-eabi/4.9.3/armv6-m\libgcc.a(subdf3.o)
 .ARM.attributes
                0x00000789       0x2c c:/program files (x86)/cypress/psoc creator/3.3/psoc creator/import/gnu/arm/4.9.3/bin/../lib/gcc/arm-none-eabi/4.9.3/armv6-m\libgcc.a(fixdfsi.o)
 .ARM.attributes
                0x000007b5       0x2c c:/program files (x86)/cypress/psoc creator/3.3/psoc creator/import/gnu/arm/4.9.3/bin/../lib/gcc/arm-none-eabi/4.9.3/armv6-m\libgcc.a(floatsidf.o)
 .ARM.attributes
                0x000007e1       0x1e c:/program files (x86)/cypress/psoc creator/3.3/psoc creator/import/gnu/arm/4.9.3/bin/../lib/gcc/arm-none-eabi/4.9.3/armv6-m\libgcc.a(_arm_cmpdf2.o)
 .ARM.attributes
                0x000007ff       0x1e c:/program files (x86)/cypress/psoc creator/3.3/psoc creator/import/gnu/arm/4.9.3/bin/../lib/gcc/arm-none-eabi/4.9.3/armv6-m\libgcc.a(_clzsi2.o)
 .ARM.attributes
                0x0000081d       0x2c c:/program files (x86)/cypress/psoc creator/3.3/psoc creator/import/gnu/arm/4.9.3/bin/../lib/gcc/arm-none-eabi/4.9.3/armv6-m\libgcc.a(_divdi3.o)
 .ARM.attributes
                0x00000849       0x2c c:/program files (x86)/cypress/psoc creator/3.3/psoc creator/import/gnu/arm/4.9.3/bin/../lib/gcc/arm-none-eabi/4.9.3/armv6-m\libgcc.a(_udivdi3.o)
 .ARM.attributes
                0x00000875       0x2c c:/program files (x86)/cypress/psoc creator/3.3/psoc creator/import/gnu/arm/4.9.3/bin/../lib/gcc/arm-none-eabi/4.9.3/armv6-m\libgcc.a(eqdf2.o)
 .ARM.attributes
                0x000008a1       0x2c c:/program files (x86)/cypress/psoc creator/3.3/psoc creator/import/gnu/arm/4.9.3/bin/../lib/gcc/arm-none-eabi/4.9.3/armv6-m\libgcc.a(gedf2.o)
 .ARM.attributes
                0x000008cd       0x2c c:/program files (x86)/cypress/psoc creator/3.3/psoc creator/import/gnu/arm/4.9.3/bin/../lib/gcc/arm-none-eabi/4.9.3/armv6-m\libgcc.a(ledf2.o)
 .ARM.attributes
                0x000008f9       0x1e c:/program files (x86)/cypress/psoc creator/3.3/psoc creator/import/gnu/arm/4.9.3/bin/../lib/gcc/arm-none-eabi/4.9.3/armv6-m\libgcc.a(_clzdi2.o)
 .ARM.attributes
                0x00000917       0x2c c:/program files (x86)/cypress/psoc creator/3.3/psoc creator/import/gnu/arm/4.9.3/bin/../lib/gcc/arm-none-eabi/4.9.3/../../../../arm-none-eabi/lib/armv6-m\libg_nano.a(lib_a-errno.o)
 .ARM.attributes
                0x00000943       0x2c c:/program files (x86)/cypress/psoc creator/3.3/psoc creator/import/gnu/arm/4.9.3/bin/../lib/gcc/arm-none-eabi/4.9.3/../../../../arm-none-eabi/lib/armv6-m\libg_nano.a(lib_a-exit.o)
 .ARM.attributes
                0x0000096f       0x2c c:/program files (x86)/cypress/psoc creator/3.3/psoc creator/import/gnu/arm/4.9.3/bin/../lib/gcc/arm-none-eabi/4.9.3/../../../../arm-none-eabi/lib/armv6-m\libg_nano.a(lib_a-impure.o)
 .ARM.attributes
                0x0000099b       0x2c c:/program files (x86)/cypress/psoc creator/3.3/psoc creator/import/gnu/arm/4.9.3/bin/../lib/gcc/arm-none-eabi/4.9.3/../../../../arm-none-eabi/lib/armv6-m\libg_nano.a(lib_a-init.o)
 .ARM.attributes
                0x000009c7       0x2c c:/program files (x86)/cypress/psoc creator/3.3/psoc creator/import/gnu/arm/4.9.3/bin/../lib/gcc/arm-none-eabi/4.9.3/../../../../arm-none-eabi/lib/armv6-m\libg_nano.a(lib_a-memcpy.o)
 .ARM.attributes
                0x000009f3       0x2c c:/program files (x86)/cypress/psoc creator/3.3/psoc creator/import/gnu/arm/4.9.3/bin/../lib/gcc/arm-none-eabi/4.9.3/../../../../arm-none-eabi/lib/armv6-m\libg_nano.a(lib_a-memset.o)
 .ARM.attributes
                0x00000a1f       0x2c c:/program files (x86)/cypress/psoc creator/3.3/psoc creator/import/gnu/arm/4.9.3/bin/../lib/gcc/arm-none-eabi/4.9.3/../../../../arm-none-eabi/lib/armv6-m\libg_nano.a(lib_a-sprintf.o)
 .ARM.attributes
                0x00000a4b       0x2c c:/program files (x86)/cypress/psoc creator/3.3/psoc creator/import/gnu/arm/4.9.3/bin/../lib/gcc/arm-none-eabi/4.9.3/../../../../arm-none-eabi/lib/armv6-m\libg_nano.a(lib_a-strcat.o)
 .ARM.attributes
                0x00000a77       0x1c c:/program files (x86)/cypress/psoc creator/3.3/psoc creator/import/gnu/arm/4.9.3/bin/../lib/gcc/arm-none-eabi/4.9.3/../../../../arm-none-eabi/lib/armv6-m\libg_nano.a(lib_a-strcmp.o)
 .ARM.attributes
                0x00000a93       0x2c c:/program files (x86)/cypress/psoc creator/3.3/psoc creator/import/gnu/arm/4.9.3/bin/../lib/gcc/arm-none-eabi/4.9.3/../../../../arm-none-eabi/lib/armv6-m\libg_nano.a(lib_a-strlen.o)
 .ARM.attributes
                0x00000abf       0x2c c:/program files (x86)/cypress/psoc creator/3.3/psoc creator/import/gnu/arm/4.9.3/bin/../lib/gcc/arm-none-eabi/4.9.3/../../../../arm-none-eabi/lib/armv6-m\libg_nano.a(lib_a-strncmp.o)
 .ARM.attributes
                0x00000aeb       0x2c c:/program files (x86)/cypress/psoc creator/3.3/psoc creator/import/gnu/arm/4.9.3/bin/../lib/gcc/arm-none-eabi/4.9.3/../../../../arm-none-eabi/lib/armv6-m\libg_nano.a(lib_a-strncpy.o)
 .ARM.attributes
                0x00000b17       0x2c c:/program files (x86)/cypress/psoc creator/3.3/psoc creator/import/gnu/arm/4.9.3/bin/../lib/gcc/arm-none-eabi/4.9.3/../../../../arm-none-eabi/lib/armv6-m\libg_nano.a(lib_a-nano-svfprintf.o)
 .ARM.attributes
                0x00000b43       0x2c c:/program files (x86)/cypress/psoc creator/3.3/psoc creator/import/gnu/arm/4.9.3/bin/../lib/gcc/arm-none-eabi/4.9.3/../../../../arm-none-eabi/lib/armv6-m\libg_nano.a(lib_a-nano-vfprintf_i.o)
 .ARM.attributes
                0x00000b6f       0x2c c:/program files (x86)/cypress/psoc creator/3.3/psoc creator/import/gnu/arm/4.9.3/bin/../lib/gcc/arm-none-eabi/4.9.3/../../../../arm-none-eabi/lib/armv6-m\libg_nano.a(lib_a-memchr.o)
 .ARM.attributes
                0x00000b9b       0x2c c:/program files (x86)/cypress/psoc creator/3.3/psoc creator/import/gnu/arm/4.9.3/bin/../lib/gcc/arm-none-eabi/4.9.3/../../../../arm-none-eabi/lib/armv6-m\libg_nano.a(lib_a-memmove.o)
 .ARM.attributes
                0x00000bc7       0x2c c:/program files (x86)/cypress/psoc creator/3.3/psoc creator/import/gnu/arm/4.9.3/bin/../lib/gcc/arm-none-eabi/4.9.3/../../../../arm-none-eabi/lib/armv6-m\libg_nano.a(lib_a-nano-freer.o)
 .ARM.attributes
                0x00000bf3       0x2c c:/program files (x86)/cypress/psoc creator/3.3/psoc creator/import/gnu/arm/4.9.3/bin/../lib/gcc/arm-none-eabi/4.9.3/../../../../arm-none-eabi/lib/armv6-m\libg_nano.a(lib_a-nano-mallocr.o)
 .ARM.attributes
                0x00000c1f       0x2c c:/program files (x86)/cypress/psoc creator/3.3/psoc creator/import/gnu/arm/4.9.3/bin/../lib/gcc/arm-none-eabi/4.9.3/../../../../arm-none-eabi/lib/armv6-m\libg_nano.a(lib_a-nano-reallocr.o)
 .ARM.attributes
                0x00000c4b       0x2c c:/program files (x86)/cypress/psoc creator/3.3/psoc creator/import/gnu/arm/4.9.3/bin/../lib/gcc/arm-none-eabi/4.9.3/../../../../arm-none-eabi/lib/armv6-m\libg_nano.a(lib_a-sbrkr.o)
 .ARM.attributes
                0x00000c77       0x2c c:/program files (x86)/cypress/psoc creator/3.3/psoc creator/import/gnu/arm/4.9.3/bin/../lib/gcc/arm-none-eabi/4.9.3/../../../../arm-none-eabi/lib/armv6-m\libg_nano.a(lib_a-nano-msizer.o)
 .ARM.attributes
                0x00000ca3       0x2c c:/program files (x86)/cypress/psoc creator/3.3/psoc creator/import/gnu/arm/4.9.3/bin/../lib/gcc/arm-none-eabi/4.9.3/../../../../arm-none-eabi/lib/armv6-m\libg_nano.a(lib_a-reent.o)
 .ARM.attributes
                0x00000ccf       0x2c c:/program files (x86)/cypress/psoc creator/3.3/psoc creator/import/gnu/arm/4.9.3/bin/../lib/gcc/arm-none-eabi/4.9.3/armv6-m/crtend.o
 .ARM.attributes
                0x00000cfb       0x1e c:/program files (x86)/cypress/psoc creator/3.3/psoc creator/import/gnu/arm/4.9.3/bin/../lib/gcc/arm-none-eabi/4.9.3/armv6-m/crtn.o

/DISCARD/
 *(.note.GNU-stack)
OUTPUT(.\CortexM0\ARM_GCC_493\Debug\WeatherStation.elf elf32-littlearm)